0 verbose cli /usr/local/bin/node /usr/local/bin/npm
1 info using npm@11.16.0
2 info using node@v24.18.0
3 silly config load:file:/usr/local/lib/node_modules/npm/npmrc
4 silly config load:file:/Users/mushfiq/Desktop/football-auction2/football-auction-backend/.npmrc
5 silly config load:file:/Users/mushfiq/.npmrc
6 silly config load:file:/usr/local/etc/npmrc
7 verbose title npm install prisma@6.4.0 @prisma/client@6.4.0
8 verbose argv "install" "prisma@6.4.0" "@prisma/client@6.4.0" "--cache" "/Users/mushfiq/Desktop/football-auction2/.npm-cache"
9 verbose logfile logs-max:10 dir:/Users/mushfiq/Desktop/football-auction2/.npm-cache/_logs/2026-08-04T17_04_14_305Z-
10 verbose logfile /Users/mushfiq/Desktop/football-auction2/.npm-cache/_logs/2026-08-04T17_04_14_305Z-debug-0.log
11 silly logfile done cleaning log files
12 silly packumentCache heap:2348810240 maxSize:587202560 maxEntrySize:293601280
13 verbose shrinkwrap failed to load node_modules/.package-lock.json out of date, updated: node_modules
14 silly idealTree buildDeps
15 silly fetch manifest @prisma/client@6.4.0
16 silly packumentCache full:https://registry.npmjs.org/@prisma%2fclient cache-miss
17 http cache https://registry.npmjs.org/@prisma%2fclient 130ms (cache hit)
18 silly packumentCache full:https://registry.npmjs.org/@prisma%2fclient set size:68418835 disposed:false
19 silly fetch manifest prisma@6.4.0
20 silly packumentCache full:https://registry.npmjs.org/prisma cache-miss
21 http cache https://registry.npmjs.org/prisma 58ms (cache hit)
22 silly packumentCache full:https://registry.npmjs.org/prisma set size:43649502 disposed:false
23 silly fetch manifest typescript@^7.0.2
24 silly packumentCache full:https://registry.npmjs.org/typescript cache-miss
25 http cache https://registry.npmjs.org/typescript 21ms (cache hit)
26 silly packumentCache full:https://registry.npmjs.org/typescript set size:15513951 disposed:false
27 silly placeDep ROOT @prisma/client@6.4.0 REPLACE for: football-auction-backend@1.0.0 want: 6.4.0
28 silly placeDep ROOT prisma@6.4.0 REPLACE for: football-auction-backend@1.0.0 want: 6.4.0
29 silly fetch manifest esbuild@>=0.12 <1
30 silly packumentCache full:https://registry.npmjs.org/esbuild cache-miss
31 silly fetch manifest @prisma/engines@6.4.0
32 silly packumentCache full:https://registry.npmjs.org/@prisma%2fengines cache-miss
33 silly fetch manifest esbuild-register@3.6.0
34 silly packumentCache full:https://registry.npmjs.org/esbuild-register cache-miss
35 http cache https://registry.npmjs.org/@prisma%2fengines 40ms (cache hit)
36 silly packumentCache full:https://registry.npmjs.org/@prisma%2fengines set size:21933451 disposed:false
37 http fetch GET 200 https://registry.npmjs.org/esbuild-register 141ms (cache miss)
38 silly packumentCache full:https://registry.npmjs.org/esbuild-register set size:undefined disposed:false
39 http fetch GET 200 https://registry.npmjs.org/esbuild 219ms (cache miss)
40 silly packumentCache full:https://registry.npmjs.org/esbuild set size:undefined disposed:false
41 silly placeDep ROOT @prisma/engines@6.4.0 OK for: prisma@6.4.0 want: 6.4.0
42 silly placeDep ROOT esbuild@0.28.1 OK for: prisma@6.4.0 want: >=0.12 <1
43 silly placeDep ROOT esbuild-register@3.6.0 OK for: prisma@6.4.0 want: 3.6.0
44 silly fetch manifest @prisma/debug@6.4.0
45 silly packumentCache full:https://registry.npmjs.org/@prisma%2fdebug cache-miss
46 silly fetch manifest @prisma/fetch-engine@6.4.0
47 silly packumentCache full:https://registry.npmjs.org/@prisma%2ffetch-engine cache-miss
48 silly fetch manifest @prisma/get-platform@6.4.0
49 silly packumentCache full:https://registry.npmjs.org/@prisma%2fget-platform cache-miss
50 silly fetch manifest @prisma/engines-version@6.4.0-29.a9055b89e58b4b5bfb59600785423b1db3d0e75d
51 silly packumentCache full:https://registry.npmjs.org/@prisma%2fengines-version cache-miss
52 silly fetch manifest @esbuild/aix-ppc64@0.28.1
53 silly packumentCache full:https://registry.npmjs.org/@esbuild%2faix-ppc64 cache-miss
54 silly fetch manifest @esbuild/android-arm@0.28.1
55 silly packumentCache full:https://registry.npmjs.org/@esbuild%2fandroid-arm cache-miss
56 silly fetch manifest @esbuild/android-arm64@0.28.1
57 silly packumentCache full:https://registry.npmjs.org/@esbuild%2fandroid-arm64 cache-miss
58 http cache https://registry.npmjs.org/@prisma%2fengines-version 38ms (cache hit)
59 silly packumentCache full:https://registry.npmjs.org/@prisma%2fengines-version set size:9946667 disposed:false
60 silly fetch manifest @esbuild/android-x64@0.28.1
61 silly packumentCache full:https://registry.npmjs.org/@esbuild%2fandroid-x64 cache-miss
62 http cache https://registry.npmjs.org/@prisma%2fget-platform 99ms (cache hit)
63 silly packumentCache full:https://registry.npmjs.org/@prisma%2fget-platform set size:28570750 disposed:false
64 silly fetch manifest @esbuild/darwin-arm64@0.28.1
65 silly packumentCache full:https://registry.npmjs.org/@esbuild%2fdarwin-arm64 cache-miss
66 http cache https://registry.npmjs.org/@prisma%2fdebug 213ms (cache hit)
67 silly packumentCache full:https://registry.npmjs.org/@prisma%2fdebug set size:28880520 disposed:false
68 silly fetch manifest @esbuild/darwin-x64@0.28.1
69 silly packumentCache full:https://registry.npmjs.org/@esbuild%2fdarwin-x64 cache-miss
70 http cache https://registry.npmjs.org/@prisma%2ffetch-engine 323ms (cache hit)
71 silly packumentCache full:https://registry.npmjs.org/@prisma%2ffetch-engine set size:32482255 disposed:false
72 silly fetch manifest @esbuild/freebsd-arm64@0.28.1
73 silly packumentCache full:https://registry.npmjs.org/@esbuild%2ffreebsd-arm64 cache-miss
74 http fetch GET 200 https://registry.npmjs.org/@esbuild%2fandroid-arm 411ms (cache miss)
75 silly packumentCache full:https://registry.npmjs.org/@esbuild%2fandroid-arm set size:undefined disposed:false
76 silly fetch manifest @esbuild/freebsd-x64@0.28.1
77 silly packumentCache full:https://registry.npmjs.org/@esbuild%2ffreebsd-x64 cache-miss
78 http fetch GET 200 https://registry.npmjs.org/@esbuild%2faix-ppc64 412ms (cache miss)
79 silly packumentCache full:https://registry.npmjs.org/@esbuild%2faix-ppc64 set size:undefined disposed:false
80 silly fetch manifest @esbuild/linux-arm@0.28.1
81 silly packumentCache full:https://registry.npmjs.org/@esbuild%2flinux-arm cache-miss
82 http fetch GET 200 https://registry.npmjs.org/@esbuild%2fandroid-x64 712ms (cache miss)
83 silly packumentCache full:https://registry.npmjs.org/@esbuild%2fandroid-x64 set size:undefined disposed:false
84 silly fetch manifest @esbuild/linux-arm64@0.28.1
85 silly packumentCache full:https://registry.npmjs.org/@esbuild%2flinux-arm64 cache-miss
86 http fetch GET 200 https://registry.npmjs.org/@esbuild%2fdarwin-x64 522ms (cache miss)
87 silly packumentCache full:https://registry.npmjs.org/@esbuild%2fdarwin-x64 set size:undefined disposed:false
88 silly fetch manifest @esbuild/linux-ia32@0.28.1
89 silly packumentCache full:https://registry.npmjs.org/@esbuild%2flinux-ia32 cache-miss
90 http fetch GET 200 https://registry.npmjs.org/@esbuild%2flinux-ia32 41ms (cache miss)
91 silly packumentCache full:https://registry.npmjs.org/@esbuild%2flinux-ia32 set size:undefined disposed:false
92 silly fetch manifest @esbuild/linux-loong64@0.28.1
93 silly packumentCache full:https://registry.npmjs.org/@esbuild%2flinux-loong64 cache-miss
94 http fetch GET 200 https://registry.npmjs.org/@esbuild%2ffreebsd-x64 557ms (cache miss)
95 silly packumentCache full:https://registry.npmjs.org/@esbuild%2ffreebsd-x64 set size:undefined disposed:false
96 silly fetch manifest @esbuild/linux-mips64el@0.28.1
97 silly packumentCache full:https://registry.npmjs.org/@esbuild%2flinux-mips64el cache-miss
98 http fetch GET 200 https://registry.npmjs.org/@esbuild%2fandroid-arm64 1041ms (cache miss)
99 silly packumentCache full:https://registry.npmjs.org/@esbuild%2fandroid-arm64 set size:undefined disposed:false
100 silly fetch manifest @esbuild/linux-ppc64@0.28.1
101 silly packumentCache full:https://registry.npmjs.org/@esbuild%2flinux-ppc64 cache-miss
102 http fetch GET 200 https://registry.npmjs.org/@esbuild%2flinux-arm 718ms (cache miss)
103 silly packumentCache full:https://registry.npmjs.org/@esbuild%2flinux-arm set size:undefined disposed:false
104 silly fetch manifest @esbuild/linux-riscv64@0.28.1
105 silly packumentCache full:https://registry.npmjs.org/@esbuild%2flinux-riscv64 cache-miss
106 http fetch GET 200 https://registry.npmjs.org/@esbuild%2flinux-riscv64 43ms (cache miss)
107 silly packumentCache full:https://registry.npmjs.org/@esbuild%2flinux-riscv64 set size:undefined disposed:false
108 silly fetch manifest @esbuild/linux-s390x@0.28.1
109 silly packumentCache full:https://registry.npmjs.org/@esbuild%2flinux-s390x cache-miss
110 http fetch GET 200 https://registry.npmjs.org/@esbuild%2fdarwin-arm64 1015ms (cache miss)
111 silly packumentCache full:https://registry.npmjs.org/@esbuild%2fdarwin-arm64 set size:undefined disposed:false
112 silly fetch manifest @esbuild/linux-x64@0.28.1
113 silly packumentCache full:https://registry.npmjs.org/@esbuild%2flinux-x64 cache-miss
114 http fetch GET 200 https://registry.npmjs.org/@esbuild%2flinux-mips64el 360ms (cache miss)
115 silly packumentCache full:https://registry.npmjs.org/@esbuild%2flinux-mips64el set size:undefined disposed:false
116 silly fetch manifest @esbuild/netbsd-arm64@0.28.1
117 silly packumentCache full:https://registry.npmjs.org/@esbuild%2fnetbsd-arm64 cache-miss
118 http fetch GET 200 https://registry.npmjs.org/@esbuild%2flinux-x64 424ms (cache miss)
119 silly packumentCache full:https://registry.npmjs.org/@esbuild%2flinux-x64 set size:undefined disposed:false
120 silly fetch manifest @esbuild/netbsd-x64@0.28.1
121 silly packumentCache full:https://registry.npmjs.org/@esbuild%2fnetbsd-x64 cache-miss
122 http fetch GET 200 https://registry.npmjs.org/@esbuild%2fnetbsd-arm64 497ms (cache miss)
123 silly packumentCache full:https://registry.npmjs.org/@esbuild%2fnetbsd-arm64 set size:undefined disposed:false
124 silly fetch manifest @esbuild/openbsd-arm64@0.28.1
125 silly packumentCache full:https://registry.npmjs.org/@esbuild%2fopenbsd-arm64 cache-miss
126 http fetch GET 200 https://registry.npmjs.org/@esbuild%2flinux-ppc64 967ms (cache miss)
127 silly packumentCache full:https://registry.npmjs.org/@esbuild%2flinux-ppc64 set size:undefined disposed:false
128 silly fetch manifest @esbuild/openbsd-x64@0.28.1
129 silly packumentCache full:https://registry.npmjs.org/@esbuild%2fopenbsd-x64 cache-miss
130 http fetch GET 200 https://registry.npmjs.org/@esbuild%2fopenbsd-x64 59ms (cache miss)
131 silly packumentCache full:https://registry.npmjs.org/@esbuild%2fopenbsd-x64 set size:undefined disposed:false
132 silly fetch manifest @esbuild/openharmony-arm64@0.28.1
133 silly packumentCache full:https://registry.npmjs.org/@esbuild%2fopenharmony-arm64 cache-miss
134 http fetch GET 200 https://registry.npmjs.org/@esbuild%2fopenharmony-arm64 270ms (cache miss)
135 silly packumentCache full:https://registry.npmjs.org/@esbuild%2fopenharmony-arm64 set size:undefined disposed:false
136 silly fetch manifest @esbuild/sunos-x64@0.28.1
137 silly packumentCache full:https://registry.npmjs.org/@esbuild%2fsunos-x64 cache-miss
138 http fetch GET 200 https://registry.npmjs.org/@esbuild%2fsunos-x64 54ms (cache miss)
139 silly packumentCache full:https://registry.npmjs.org/@esbuild%2fsunos-x64 set size:undefined disposed:false
140 silly fetch manifest @esbuild/win32-arm64@0.28.1
141 silly packumentCache full:https://registry.npmjs.org/@esbuild%2fwin32-arm64 cache-miss
142 http fetch GET 200 https://registry.npmjs.org/@esbuild%2ffreebsd-arm64 1999ms (cache miss)
143 silly packumentCache full:https://registry.npmjs.org/@esbuild%2ffreebsd-arm64 set size:undefined disposed:false
144 silly fetch manifest @esbuild/win32-ia32@0.28.1
145 silly packumentCache full:https://registry.npmjs.org/@esbuild%2fwin32-ia32 cache-miss
146 http fetch GET 200 https://registry.npmjs.org/@esbuild%2flinux-loong64 1790ms (cache miss)
147 silly packumentCache full:https://registry.npmjs.org/@esbuild%2flinux-loong64 set size:undefined disposed:false
148 silly fetch manifest @esbuild/win32-x64@0.28.1
149 silly packumentCache full:https://registry.npmjs.org/@esbuild%2fwin32-x64 cache-miss
150 http fetch GET 200 https://registry.npmjs.org/@esbuild%2flinux-s390x 1618ms (cache miss)
151 silly packumentCache full:https://registry.npmjs.org/@esbuild%2flinux-s390x set size:undefined disposed:false
152 http fetch GET 200 https://registry.npmjs.org/@esbuild%2fopenbsd-arm64 1096ms (cache miss)
153 silly packumentCache full:https://registry.npmjs.org/@esbuild%2fopenbsd-arm64 set size:undefined disposed:false
154 http fetch GET 200 https://registry.npmjs.org/@esbuild%2flinux-arm64 2254ms (cache miss)
155 silly packumentCache full:https://registry.npmjs.org/@esbuild%2flinux-arm64 set size:undefined disposed:false
156 http fetch GET 200 https://registry.npmjs.org/@esbuild%2fwin32-x64 538ms (cache miss)
157 silly packumentCache full:https://registry.npmjs.org/@esbuild%2fwin32-x64 set size:undefined disposed:false
158 http fetch GET 200 https://registry.npmjs.org/@esbuild%2fwin32-ia32 1635ms (cache miss)
159 silly packumentCache full:https://registry.npmjs.org/@esbuild%2fwin32-ia32 set size:undefined disposed:false
160 http fetch GET 200 https://registry.npmjs.org/@esbuild%2fnetbsd-x64 2526ms (cache miss)
161 silly packumentCache full:https://registry.npmjs.org/@esbuild%2fnetbsd-x64 set size:undefined disposed:false
162 http fetch GET 200 https://registry.npmjs.org/@esbuild%2fwin32-arm64 1782ms (cache miss)
163 silly packumentCache full:https://registry.npmjs.org/@esbuild%2fwin32-arm64 set size:undefined disposed:false
164 silly placeDep ROOT @prisma/debug@6.4.0 OK for: @prisma/engines@6.4.0 want: 6.4.0
165 silly placeDep ROOT @prisma/engines-version@6.4.0-29.a9055b89e58b4b5bfb59600785423b1db3d0e75d OK for: @prisma/engines@6.4.0 want: 6.4.0-29.a9055b89e58b4b5bfb59600785423b1db3d0e75d
166 silly placeDep ROOT @prisma/fetch-engine@6.4.0 OK for: @prisma/engines@6.4.0 want: 6.4.0
167 silly placeDep ROOT @prisma/get-platform@6.4.0 OK for: @prisma/engines@6.4.0 want: 6.4.0
168 silly placeDep ROOT @esbuild/aix-ppc64@0.28.1 OK for: esbuild@0.28.1 want: 0.28.1
169 silly placeDep ROOT @esbuild/android-arm@0.28.1 OK for: esbuild@0.28.1 want: 0.28.1
170 silly placeDep ROOT @esbuild/android-arm64@0.28.1 OK for: esbuild@0.28.1 want: 0.28.1
171 silly placeDep ROOT @esbuild/android-x64@0.28.1 OK for: esbuild@0.28.1 want: 0.28.1
172 silly placeDep ROOT @esbuild/darwin-arm64@0.28.1 OK for: esbuild@0.28.1 want: 0.28.1
173 silly placeDep ROOT @esbuild/darwin-x64@0.28.1 OK for: esbuild@0.28.1 want: 0.28.1
174 silly placeDep ROOT @esbuild/freebsd-arm64@0.28.1 OK for: esbuild@0.28.1 want: 0.28.1
175 silly placeDep ROOT @esbuild/freebsd-x64@0.28.1 OK for: esbuild@0.28.1 want: 0.28.1
176 silly placeDep ROOT @esbuild/linux-arm@0.28.1 OK for: esbuild@0.28.1 want: 0.28.1
177 silly placeDep ROOT @esbuild/linux-arm64@0.28.1 OK for: esbuild@0.28.1 want: 0.28.1
178 silly placeDep ROOT @esbuild/linux-ia32@0.28.1 OK for: esbuild@0.28.1 want: 0.28.1
179 silly placeDep ROOT @esbuild/linux-loong64@0.28.1 OK for: esbuild@0.28.1 want: 0.28.1
180 silly placeDep ROOT @esbuild/linux-mips64el@0.28.1 OK for: esbuild@0.28.1 want: 0.28.1
181 silly placeDep ROOT @esbuild/linux-ppc64@0.28.1 OK for: esbuild@0.28.1 want: 0.28.1
182 silly placeDep ROOT @esbuild/linux-riscv64@0.28.1 OK for: esbuild@0.28.1 want: 0.28.1
183 silly placeDep ROOT @esbuild/linux-s390x@0.28.1 OK for: esbuild@0.28.1 want: 0.28.1
184 silly placeDep ROOT @esbuild/linux-x64@0.28.1 OK for: esbuild@0.28.1 want: 0.28.1
185 silly placeDep ROOT @esbuild/netbsd-arm64@0.28.1 OK for: esbuild@0.28.1 want: 0.28.1
186 silly placeDep ROOT @esbuild/netbsd-x64@0.28.1 OK for: esbuild@0.28.1 want: 0.28.1
187 silly placeDep ROOT @esbuild/openbsd-arm64@0.28.1 OK for: esbuild@0.28.1 want: 0.28.1
188 silly placeDep ROOT @esbuild/openbsd-x64@0.28.1 OK for: esbuild@0.28.1 want: 0.28.1
189 silly placeDep ROOT @esbuild/openharmony-arm64@0.28.1 OK for: esbuild@0.28.1 want: 0.28.1
190 silly placeDep ROOT @esbuild/sunos-x64@0.28.1 OK for: esbuild@0.28.1 want: 0.28.1
191 silly placeDep ROOT @esbuild/win32-arm64@0.28.1 OK for: esbuild@0.28.1 want: 0.28.1
192 silly placeDep ROOT @esbuild/win32-ia32@0.28.1 OK for: esbuild@0.28.1 want: 0.28.1
193 silly placeDep ROOT @esbuild/win32-x64@0.28.1 OK for: esbuild@0.28.1 want: 0.28.1
194 silly reify mark retired [
194 silly reify   '/Users/mushfiq/Desktop/football-auction2/football-auction-backend/node_modules/ajv'
194 silly reify ]
195 silly reify mark retired [
195 silly reify   '/Users/mushfiq/Desktop/football-auction2/football-auction-backend/node_modules/aws-ssl-profiles'
195 silly reify ]
196 silly reify mark retired [
196 silly reify   '/Users/mushfiq/Desktop/football-auction2/football-auction-backend/node_modules/better-result'
196 silly reify ]
197 silly reify mark retired [
197 silly reify   '/Users/mushfiq/Desktop/football-auction2/football-auction-backend/node_modules/c12'
197 silly reify ]
198 silly reify mark retired [
198 silly reify   '/Users/mushfiq/Desktop/football-auction2/football-auction-backend/node_modules/confbox'
198 silly reify ]
199 silly reify mark retired [
199 silly reify   '/Users/mushfiq/Desktop/football-auction2/football-auction-backend/node_modules/chokidar'
199 silly reify ]
200 silly reify mark retired [
200 silly reify   '/Users/mushfiq/Desktop/football-auction2/football-auction-backend/node_modules/classnames'
200 silly reify ]
201 silly reify mark retired [
201 silly reify   '/Users/mushfiq/Desktop/football-auction2/football-auction-backend/node_modules/cross-spawn'
201 silly reify ]
202 silly reify mark retired [
202 silly reify   '/Users/mushfiq/Desktop/football-auction2/football-auction-backend/node_modules/csstype'
202 silly reify ]
203 silly reify mark retired [
203 silly reify   '/Users/mushfiq/Desktop/football-auction2/football-auction-backend/node_modules/d3-array'
203 silly reify ]
204 silly reify mark retired [
204 silly reify   '/Users/mushfiq/Desktop/football-auction2/football-auction-backend/node_modules/d3-color'
204 silly reify ]
205 silly reify mark retired [
205 silly reify   '/Users/mushfiq/Desktop/football-auction2/football-auction-backend/node_modules/d3-delaunay'
205 silly reify ]
206 silly reify mark retired [
206 silly reify   '/Users/mushfiq/Desktop/football-auction2/football-auction-backend/node_modules/d3-format'
206 silly reify ]
207 silly reify mark retired [
207 silly reify   '/Users/mushfiq/Desktop/football-auction2/football-auction-backend/node_modules/d3-geo'
207 silly reify ]
208 silly reify mark retired [
208 silly reify   '/Users/mushfiq/Desktop/football-auction2/football-auction-backend/node_modules/d3-interpolate'
208 silly reify ]
209 silly reify mark retired [
209 silly reify   '/Users/mushfiq/Desktop/football-auction2/football-auction-backend/node_modules/d3-path'
209 silly reify ]
210 silly reify mark retired [
210 silly reify   '/Users/mushfiq/Desktop/football-auction2/football-auction-backend/node_modules/deepmerge-ts'
210 silly reify ]
211 silly reify mark retired [
211 silly reify   '/Users/mushfiq/Desktop/football-auction2/football-auction-backend/node_modules/d3-scale'
211 silly reify ]
212 silly reify mark retired [
212 silly reify   '/Users/mushfiq/Desktop/football-auction2/football-auction-backend/node_modules/d3-shape'
212 silly reify ]
213 silly reify mark retired [
213 silly reify   '/Users/mushfiq/Desktop/football-auction2/football-auction-backend/node_modules/d3-time'
213 silly reify ]
214 silly reify mark retired [
214 silly reify   '/Users/mushfiq/Desktop/football-auction2/football-auction-backend/node_modules/destr'
214 silly reify ]
215 silly reify mark retired [
215 silly reify   '/Users/mushfiq/Desktop/football-auction2/football-auction-backend/node_modules/d3-time-format'
215 silly reify ]
216 silly reify mark retired [
216 silly reify   '/Users/mushfiq/Desktop/football-auction2/football-auction-backend/node_modules/defu'
216 silly reify ]
217 silly reify mark retired [
217 silly reify   '/Users/mushfiq/Desktop/football-auction2/football-auction-backend/node_modules/delaunator'
217 silly reify ]
218 silly reify mark retired [
218 silly reify   '/Users/mushfiq/Desktop/football-auction2/football-auction-backend/node_modules/denque'
218 silly reify ]
219 silly reify mark retired [
219 silly reify   '/Users/mushfiq/Desktop/football-auction2/football-auction-backend/node_modules/effect'
219 silly reify ]
220 silly reify mark retired [
220 silly reify   '/Users/mushfiq/Desktop/football-auction2/football-auction-backend/node_modules/env-paths'
220 silly reify ]
221 silly reify mark retired [
221 silly reify   '/Users/mushfiq/Desktop/football-auction2/football-auction-backend/node_modules/empathic'
221 silly reify ]
222 silly reify mark retired [
222 silly reify   '/Users/mushfiq/Desktop/football-auction2/football-auction-backend/node_modules/elkjs'
222 silly reify ]
223 silly reify mark retired [
223 silly reify   '/Users/mushfiq/Desktop/football-auction2/football-auction-backend/node_modules/fast-check'
223 silly reify ]
224 silly reify mark retired [
224 silly reify   '/Users/mushfiq/Desktop/football-auction2/football-auction-backend/node_modules/fast-decode-uri-component'
224 silly reify ]
225 silly reify mark retired [
225 silly reify   '/Users/mushfiq/Desktop/football-auction2/football-auction-backend/node_modules/fast-querystring'
225 silly reify ]
226 silly reify mark retired [
226 silly reify   '/Users/mushfiq/Desktop/football-auction2/football-auction-backend/node_modules/fast-deep-equal'
226 silly reify ]
227 silly reify mark retired [
227 silly reify   '/Users/mushfiq/Desktop/football-auction2/football-auction-backend/node_modules/fast-uri'
227 silly reify ]
228 silly reify mark retired [
228 silly reify   '/Users/mushfiq/Desktop/football-auction2/football-auction-backend/node_modules/find-my-way'
228 silly reify ]
229 silly reify mark retired [
229 silly reify   '/Users/mushfiq/Desktop/football-auction2/football-auction-backend/node_modules/foreground-child'
229 silly reify ]
230 silly reify mark retired [
230 silly reify   '/Users/mushfiq/Desktop/football-auction2/football-auction-backend/node_modules/generate-function'
230 silly reify ]
231 silly reify mark retired [
231 silly reify   '/Users/mushfiq/Desktop/football-auction2/football-auction-backend/node_modules/get-port-please'
231 silly reify ]
232 silly reify mark retired [
232 silly reify   '/Users/mushfiq/Desktop/football-auction2/football-auction-backend/node_modules/exsolve'
232 silly reify ]
233 silly reify mark retired [
233 silly reify   '/Users/mushfiq/Desktop/football-auction2/football-auction-backend/node_modules/graceful-fs'
233 silly reify ]
234 silly reify mark retired [
234 silly reify   '/Users/mushfiq/Desktop/football-auction2/football-auction-backend/node_modules/giget',
234 silly reify   '/Users/mushfiq/Desktop/football-auction2/football-auction-backend/node_modules/.bin/giget'
234 silly reify ]
235 silly reify mark retired [
235 silly reify   '/Users/mushfiq/Desktop/football-auction2/football-auction-backend/node_modules/grammex'
235 silly reify ]
236 silly reify mark retired [
236 silly reify   '/Users/mushfiq/Desktop/football-auction2/football-auction-backend/node_modules/graphmatch'
236 silly reify ]
237 silly reify mark retired [
237 silly reify   '/Users/mushfiq/Desktop/football-auction2/football-auction-backend/node_modules/internmap'
237 silly reify ]
238 silly reify mark retired [
238 silly reify   '/Users/mushfiq/Desktop/football-auction2/football-auction-backend/node_modules/jiti',
238 silly reify   '/Users/mushfiq/Desktop/football-auction2/football-auction-backend/node_modules/.bin/jiti'
238 silly reify ]
239 silly reify mark retired [
239 silly reify   '/Users/mushfiq/Desktop/football-auction2/football-auction-backend/node_modules/is-property'
239 silly reify ]
240 silly reify mark retired [
240 silly reify   '/Users/mushfiq/Desktop/football-auction2/football-auction-backend/node_modules/isexe'
240 silly reify ]
241 silly reify mark retired [
241 silly reify   '/Users/mushfiq/Desktop/football-auction2/football-auction-backend/node_modules/json-schema-traverse'
241 silly reify ]
242 silly reify mark retired [
242 silly reify   '/Users/mushfiq/Desktop/football-auction2/football-auction-backend/node_modules/long'
242 silly reify ]
243 silly reify mark retired [
243 silly reify   '/Users/mushfiq/Desktop/football-auction2/football-auction-backend/node_modules/lru.min'
243 silly reify ]
244 silly reify mark retired [
244 silly reify   '/Users/mushfiq/Desktop/football-auction2/football-auction-backend/node_modules/named-placeholders'
244 silly reify ]
245 silly reify mark retired [
245 silly reify   '/Users/mushfiq/Desktop/football-auction2/football-auction-backend/node_modules/mysql2'
245 silly reify ]
246 silly reify mark retired [
246 silly reify   '/Users/mushfiq/Desktop/football-auction2/football-auction-backend/node_modules/ohash'
246 silly reify ]
247 silly reify mark retired [
247 silly reify   '/Users/mushfiq/Desktop/football-auction2/football-auction-backend/node_modules/path-key'
247 silly reify ]
248 silly reify mark retired [
248 silly reify   '/Users/mushfiq/Desktop/football-auction2/football-auction-backend/node_modules/pathe'
248 silly reify ]
249 silly reify mark retired [
249 silly reify   '/Users/mushfiq/Desktop/football-auction2/football-auction-backend/node_modules/perfect-debounce'
249 silly reify ]
250 silly reify mark retired [
250 silly reify   '/Users/mushfiq/Desktop/football-auction2/football-auction-backend/node_modules/pkg-types'
250 silly reify ]
251 silly reify mark retired [
251 silly reify   '/Users/mushfiq/Desktop/football-auction2/football-auction-backend/node_modules/prisma',
251 silly reify   '/Users/mushfiq/Desktop/football-auction2/football-auction-backend/node_modules/.bin/prisma'
251 silly reify ]
252 silly reify mark retired [
252 silly reify   '/Users/mushfiq/Desktop/football-auction2/football-auction-backend/node_modules/proper-lockfile'
252 silly reify ]
253 silly reify mark retired [
253 silly reify   '/Users/mushfiq/Desktop/football-auction2/football-auction-backend/node_modules/pure-rand'
253 silly reify ]
254 silly reify mark retired [
254 silly reify   '/Users/mushfiq/Desktop/football-auction2/football-auction-backend/node_modules/rc9'
254 silly reify ]
255 silly reify mark retired [
255 silly reify   '/Users/mushfiq/Desktop/football-auction2/football-auction-backend/node_modules/react'
255 silly reify ]
256 silly reify mark retired [
256 silly reify   '/Users/mushfiq/Desktop/football-auction2/football-auction-backend/node_modules/readdirp'
256 silly reify ]
257 silly reify mark retired [
257 silly reify   '/Users/mushfiq/Desktop/football-auction2/football-auction-backend/node_modules/react-dom'
257 silly reify ]
258 silly reify mark retired [
258 silly reify   '/Users/mushfiq/Desktop/football-auction2/football-auction-backend/node_modules/remeda'
258 silly reify ]
259 silly reify mark retired [
259 silly reify   '/Users/mushfiq/Desktop/football-auction2/football-auction-backend/node_modules/require-from-string'
259 silly reify ]
260 silly reify mark retired [
260 silly reify   '/Users/mushfiq/Desktop/football-auction2/football-auction-backend/node_modules/retry'
260 silly reify ]
261 silly reify mark retired [
261 silly reify   '/Users/mushfiq/Desktop/football-auction2/football-auction-backend/node_modules/postgres'
261 silly reify ]
262 silly reify mark retired [
262 silly reify   '/Users/mushfiq/Desktop/football-auction2/football-auction-backend/node_modules/ret'
262 silly reify ]
263 silly reify mark retired [
263 silly reify   '/Users/mushfiq/Desktop/football-auction2/football-auction-backend/node_modules/robust-predicates'
263 silly reify ]
264 silly reify mark retired [
264 silly reify   '/Users/mushfiq/Desktop/football-auction2/football-auction-backend/node_modules/safe-regex2',
264 silly reify   '/Users/mushfiq/Desktop/football-auction2/football-auction-backend/node_modules/.bin/safe-regex2'
264 silly reify ]
265 silly reify mark retired [
265 silly reify   '/Users/mushfiq/Desktop/football-auction2/football-auction-backend/node_modules/seq-queue'
265 silly reify ]
266 silly reify mark retired [
266 silly reify   '/Users/mushfiq/Desktop/football-auction2/football-auction-backend/node_modules/scheduler'
266 silly reify ]
267 silly reify mark retired [
267 silly reify   '/Users/mushfiq/Desktop/football-auction2/football-auction-backend/node_modules/shebang-command'
267 silly reify ]
268 silly reify mark retired [
268 silly reify   '/Users/mushfiq/Desktop/football-auction2/football-auction-backend/node_modules/shebang-regex'
268 silly reify ]
269 silly reify mark retired [
269 silly reify   '/Users/mushfiq/Desktop/football-auction2/football-auction-backend/node_modules/signal-exit'
269 silly reify ]
270 silly reify mark retired [
270 silly reify   '/Users/mushfiq/Desktop/football-auction2/football-auction-backend/node_modules/std-env'
270 silly reify ]
271 silly reify mark retired [
271 silly reify   '/Users/mushfiq/Desktop/football-auction2/football-auction-backend/node_modules/sqlstring'
271 silly reify ]
272 silly reify mark retired [
272 silly reify   '/Users/mushfiq/Desktop/football-auction2/football-auction-backend/node_modules/valibot'
272 silly reify ]
273 silly reify mark retired [
273 silly reify   '/Users/mushfiq/Desktop/football-auction2/football-auction-backend/node_modules/which',
273 silly reify   '/Users/mushfiq/Desktop/football-auction2/football-auction-backend/node_modules/.bin/node-which'
273 silly reify ]
274 silly reify mark retired [
274 silly reify   '/Users/mushfiq/Desktop/football-auction2/football-auction-backend/node_modules/zeptomatch'
274 silly reify ]
275 silly reify mark retired [
275 silly reify   '/Users/mushfiq/Desktop/football-auction2/football-auction-backend/node_modules/@electric-sql/pglite-socket',
275 silly reify   '/Users/mushfiq/Desktop/football-auction2/football-auction-backend/node_modules/.bin/pglite-server'
275 silly reify ]
276 silly reify mark retired [
276 silly reify   '/Users/mushfiq/Desktop/football-auction2/football-auction-backend/node_modules/@electric-sql/pglite-tools'
276 silly reify ]
277 silly reify mark retired [
277 silly reify   '/Users/mushfiq/Desktop/football-auction2/football-auction-backend/node_modules/@prisma/client'
277 silly reify ]
278 silly reify mark retired [
278 silly reify   '/Users/mushfiq/Desktop/football-auction2/football-auction-backend/node_modules/@prisma/config'
278 silly reify ]
279 silly reify mark retired [
279 silly reify   '/Users/mushfiq/Desktop/football-auction2/football-auction-backend/node_modules/@prisma/client-runtime-utils'
279 silly reify ]
280 silly reify mark retired [
280 silly reify   '/Users/mushfiq/Desktop/football-auction2/football-auction-backend/node_modules/@prisma/debug'
280 silly reify ]
281 silly reify mark retired [
281 silly reify   '/Users/mushfiq/Desktop/football-auction2/football-auction-backend/node_modules/@prisma/dev'
281 silly reify ]
282 silly reify mark retired [
282 silly reify   '/Users/mushfiq/Desktop/football-auction2/football-auction-backend/node_modules/@prisma/engines'
282 silly reify ]
283 silly reify mark retired [
283 silly reify   '/Users/mushfiq/Desktop/football-auction2/football-auction-backend/node_modules/@prisma/engines-version'
283 silly reify ]
284 silly reify mark retired [
284 silly reify   '/Users/mushfiq/Desktop/football-auction2/football-auction-backend/node_modules/@prisma/fetch-engine'
284 silly reify ]
285 silly reify mark retired [
285 silly reify   '/Users/mushfiq/Desktop/football-auction2/football-auction-backend/node_modules/@electric-sql/pglite'
285 silly reify ]
286 silly reify mark retired [
286 silly reify   '/Users/mushfiq/Desktop/football-auction2/football-auction-backend/node_modules/@prisma/get-platform'
286 silly reify ]
287 silly reify mark retired [
287 silly reify   '/Users/mushfiq/Desktop/football-auction2/football-auction-backend/node_modules/@prisma/studio-core'
287 silly reify ]
288 silly reify mark retired [
288 silly reify   '/Users/mushfiq/Desktop/football-auction2/football-auction-backend/node_modules/@radix-ui/react-primitive'
288 silly reify ]
289 silly reify mark retired [
289 silly reify   '/Users/mushfiq/Desktop/football-auction2/football-auction-backend/node_modules/@radix-ui/primitive'
289 silly reify ]
290 silly reify mark retired [
290 silly reify   '/Users/mushfiq/Desktop/football-auction2/football-auction-backend/node_modules/@radix-ui/react-compose-refs'
290 silly reify ]
291 silly reify mark retired [
291 silly reify   '/Users/mushfiq/Desktop/football-auction2/football-auction-backend/node_modules/@radix-ui/react-slot'
291 silly reify ]
292 silly reify mark retired [
292 silly reify   '/Users/mushfiq/Desktop/football-auction2/football-auction-backend/node_modules/@radix-ui/react-toggle'
292 silly reify ]
293 silly reify mark retired [
293 silly reify   '/Users/mushfiq/Desktop/football-auction2/football-auction-backend/node_modules/@radix-ui/react-use-controllable-state'
293 silly reify ]
294 silly reify mark retired [
294 silly reify   '/Users/mushfiq/Desktop/football-auction2/football-auction-backend/node_modules/@radix-ui/react-use-effect-event'
294 silly reify ]
295 silly reify mark retired [
295 silly reify   '/Users/mushfiq/Desktop/football-auction2/football-auction-backend/node_modules/@prisma/query-plan-executor'
295 silly reify ]
296 silly reify mark retired [
296 silly reify   '/Users/mushfiq/Desktop/football-auction2/football-auction-backend/node_modules/@prisma/streams-local'
296 silly reify ]
297 silly reify mark retired [
297 silly reify   '/Users/mushfiq/Desktop/football-auction2/football-auction-backend/node_modules/@radix-ui/react-use-layout-effect'
297 silly reify ]
298 silly reify mark retired [
298 silly reify   '/Users/mushfiq/Desktop/football-auction2/football-auction-backend/node_modules/@standard-schema/spec'
298 silly reify ]
299 silly reify mark retired [
299 silly reify   '/Users/mushfiq/Desktop/football-auction2/football-auction-backend/node_modules/@types/d3-array'
299 silly reify ]
300 silly reify mark retired [
300 silly reify   '/Users/mushfiq/Desktop/football-auction2/football-auction-backend/node_modules/@types/d3-color'
300 silly reify ]
301 silly reify mark retired [
301 silly reify   '/Users/mushfiq/Desktop/football-auction2/football-auction-backend/node_modules/@types/d3-delaunay'
301 silly reify ]
302 silly reify mark retired [
302 silly reify   '/Users/mushfiq/Desktop/football-auction2/football-auction-backend/node_modules/@types/d3-format'
302 silly reify ]
303 silly reify mark retired [
303 silly reify   '/Users/mushfiq/Desktop/football-auction2/football-auction-backend/node_modules/@types/d3-geo'
303 silly reify ]
304 silly reify mark retired [
304 silly reify   '/Users/mushfiq/Desktop/football-auction2/football-auction-backend/node_modules/@types/d3-interpolate'
304 silly reify ]
305 silly reify mark retired [
305 silly reify   '/Users/mushfiq/Desktop/football-auction2/football-auction-backend/node_modules/@types/d3-path'
305 silly reify ]
306 silly reify mark retired [
306 silly reify   '/Users/mushfiq/Desktop/football-auction2/football-auction-backend/node_modules/@types/d3-scale'
306 silly reify ]
307 silly reify mark retired [
307 silly reify   '/Users/mushfiq/Desktop/football-auction2/football-auction-backend/node_modules/@types/d3-shape'
307 silly reify ]
308 silly reify mark retired [
308 silly reify   '/Users/mushfiq/Desktop/football-auction2/football-auction-backend/node_modules/@types/d3-time'
308 silly reify ]
309 silly reify mark retired [
309 silly reify   '/Users/mushfiq/Desktop/football-auction2/football-auction-backend/node_modules/@types/d3-time-format'
309 silly reify ]
310 silly reify mark retired [
310 silly reify   '/Users/mushfiq/Desktop/football-auction2/football-auction-backend/node_modules/@types/geojson'
310 silly reify ]
311 silly reify mark retired [
311 silly reify   '/Users/mushfiq/Desktop/football-auction2/football-auction-backend/node_modules/@types/lodash'
311 silly reify ]
312 silly reify mark retired [
312 silly reify   '/Users/mushfiq/Desktop/football-auction2/football-auction-backend/node_modules/@types/react'
312 silly reify ]
313 silly reify mark retired [
313 silly reify   '/Users/mushfiq/Desktop/football-auction2/football-auction-backend/node_modules/@visx/curve'
313 silly reify ]
314 silly reify mark retired [
314 silly reify   '/Users/mushfiq/Desktop/football-auction2/football-auction-backend/node_modules/@visx/event'
314 silly reify ]
315 silly reify mark retired [
315 silly reify   '/Users/mushfiq/Desktop/football-auction2/football-auction-backend/node_modules/@visx/grid'
315 silly reify ]
316 silly reify mark retired [
316 silly reify   '/Users/mushfiq/Desktop/football-auction2/football-auction-backend/node_modules/@visx/group'
316 silly reify ]
317 silly reify mark retired [
317 silly reify   '/Users/mushfiq/Desktop/football-auction2/football-auction-backend/node_modules/@visx/shape'
317 silly reify ]
318 silly reify mark retired [
318 silly reify   '/Users/mushfiq/Desktop/football-auction2/football-auction-backend/node_modules/@visx/point'
318 silly reify ]
319 silly reify mark retired [
319 silly reify   '/Users/mushfiq/Desktop/football-auction2/football-auction-backend/node_modules/@visx/responsive'
319 silly reify ]
320 silly reify mark retired [
320 silly reify   '/Users/mushfiq/Desktop/football-auction2/football-auction-backend/node_modules/@visx/scale'
320 silly reify ]
321 silly reify mark retired [
321 silly reify   '/Users/mushfiq/Desktop/football-auction2/football-auction-backend/node_modules/@visx/vendor'
321 silly reify ]
322 silly reify moves {
322 silly reify   '/Users/mushfiq/Desktop/football-auction2/football-auction-backend/node_modules/ajv': '/Users/mushfiq/Desktop/football-auction2/football-auction-backend/node_modules/.ajv-Ib8YR9Eo',
322 silly reify   '/Users/mushfiq/Desktop/football-auction2/football-auction-backend/node_modules/aws-ssl-profiles': '/Users/mushfiq/Desktop/football-auction2/football-auction-backend/node_modules/.aws-ssl-profiles-4H5iriad',
322 silly reify   '/Users/mushfiq/Desktop/football-auction2/football-auction-backend/node_modules/better-result': '/Users/mushfiq/Desktop/football-auction2/football-auction-backend/node_modules/.better-result-ISIrAjDw',
322 silly reify   '/Users/mushfiq/Desktop/football-auction2/football-auction-backend/node_modules/c12': '/Users/mushfiq/Desktop/football-auction2/football-auction-backend/node_modules/.c12-S80zXRfN',
322 silly reify   '/Users/mushfiq/Desktop/football-auction2/football-auction-backend/node_modules/confbox': '/Users/mushfiq/Desktop/football-auction2/football-auction-backend/node_modules/.confbox-qcgHkfAN',
322 silly reify   '/Users/mushfiq/Desktop/football-auction2/football-auction-backend/node_modules/chokidar': '/Users/mushfiq/Desktop/football-auction2/football-auction-backend/node_modules/.chokidar-xtjUAQ66',
322 silly reify   '/Users/mushfiq/Desktop/football-auction2/football-auction-backend/node_modules/classnames': '/Users/mushfiq/Desktop/football-auction2/football-auction-backend/node_modules/.classnames-huFmuEhE',
322 silly reify   '/Users/mushfiq/Desktop/football-auction2/football-auction-backend/node_modules/cross-spawn': '/Users/mushfiq/Desktop/football-auction2/football-auction-backend/node_modules/.cross-spawn-cgH5Ho4k',
322 silly reify   '/Users/mushfiq/Desktop/football-auction2/football-auction-backend/node_modules/csstype': '/Users/mushfiq/Desktop/football-auction2/football-auction-backend/node_modules/.csstype-JIT1JDLD',
322 silly reify   '/Users/mushfiq/Desktop/football-auction2/football-auction-backend/node_modules/d3-array': '/Users/mushfiq/Desktop/football-auction2/football-auction-backend/node_modules/.d3-array-8D4VSc7L',
322 silly reify   '/Users/mushfiq/Desktop/football-auction2/football-auction-backend/node_modules/d3-color': '/Users/mushfiq/Desktop/football-auction2/football-auction-backend/node_modules/.d3-color-mE3k3Mny',
322 silly reify   '/Users/mushfiq/Desktop/football-auction2/football-auction-backend/node_modules/d3-delaunay': '/Users/mushfiq/Desktop/football-auction2/football-auction-backend/node_modules/.d3-delaunay-ofloYbvq',
322 silly reify   '/Users/mushfiq/Desktop/football-auction2/football-auction-backend/node_modules/d3-format': '/Users/mushfiq/Desktop/football-auction2/football-auction-backend/node_modules/.d3-format-aEIXJyNZ',
322 silly reify   '/Users/mushfiq/Desktop/football-auction2/football-auction-backend/node_modules/d3-geo': '/Users/mushfiq/Desktop/football-auction2/football-auction-backend/node_modules/.d3-geo-L360wCTE',
322 silly reify   '/Users/mushfiq/Desktop/football-auction2/football-auction-backend/node_modules/d3-interpolate': '/Users/mushfiq/Desktop/football-auction2/football-auction-backend/node_modules/.d3-interpolate-39K4Q6fq',
322 silly reify   '/Users/mushfiq/Desktop/football-auction2/football-auction-backend/node_modules/d3-path': '/Users/mushfiq/Desktop/football-auction2/football-auction-backend/node_modules/.d3-path-GE1svJkF',
322 silly reify   '/Users/mushfiq/Desktop/football-auction2/football-auction-backend/node_modules/deepmerge-ts': '/Users/mushfiq/Desktop/football-auction2/football-auction-backend/node_modules/.deepmerge-ts-MLuHieIs',
322 silly reify   '/Users/mushfiq/Desktop/football-auction2/football-auction-backend/node_modules/d3-scale': '/Users/mushfiq/Desktop/football-auction2/football-auction-backend/node_modules/.d3-scale-7P9q6xYx',
322 silly reify   '/Users/mushfiq/Desktop/football-auction2/football-auction-backend/node_modules/d3-shape': '/Users/mushfiq/Desktop/football-auction2/football-auction-backend/node_modules/.d3-shape-ilPGtRSB',
322 silly reify   '/Users/mushfiq/Desktop/football-auction2/football-auction-backend/node_modules/d3-time': '/Users/mushfiq/Desktop/football-auction2/football-auction-backend/node_modules/.d3-time-QVtkwowu',
322 silly reify   '/Users/mushfiq/Desktop/football-auction2/football-auction-backend/node_modules/destr': '/Users/mushfiq/Desktop/football-auction2/football-auction-backend/node_modules/.destr-sgbAc5Ap',
322 silly reify   '/Users/mushfiq/Desktop/football-auction2/football-auction-backend/node_modules/d3-time-format': '/Users/mushfiq/Desktop/football-auction2/football-auction-backend/node_modules/.d3-time-format-vcIcfV22',
322 silly reify   '/Users/mushfiq/Desktop/football-auction2/football-auction-backend/node_modules/defu': '/Users/mushfiq/Desktop/football-auction2/football-auction-backend/node_modules/.defu-CwA8V9VX',
322 silly reify   '/Users/mushfiq/Desktop/football-auction2/football-auction-backend/node_modules/delaunator': '/Users/mushfiq/Desktop/football-auction2/football-auction-backend/node_modules/.delaunator-3hok9dck',
322 silly reify   '/Users/mushfiq/Desktop/football-auction2/football-auction-backend/node_modules/denque': '/Users/mushfiq/Desktop/football-auction2/football-auction-backend/node_modules/.denque-3QwoUhsV',
322 silly reify   '/Users/mushfiq/Desktop/football-auction2/football-auction-backend/node_modules/effect': '/Users/mushfiq/Desktop/football-auction2/football-auction-backend/node_modules/.effect-3aSStaSB',
322 silly reify   '/Users/mushfiq/Desktop/football-auction2/football-auction-backend/node_modules/env-paths': '/Users/mushfiq/Desktop/football-auction2/football-auction-backend/node_modules/.env-paths-EYVrfJd5',
322 silly reify   '/Users/mushfiq/Desktop/football-auction2/football-auction-backend/node_modules/empathic': '/Users/mushfiq/Desktop/football-auction2/football-auction-backend/node_modules/.empathic-bQpRNb61',
322 silly reify   '/Users/mushfiq/Desktop/football-auction2/football-auction-backend/node_modules/elkjs': '/Users/mushfiq/Desktop/football-auction2/football-auction-backend/node_modules/.elkjs-0E9DZjnn',
322 silly reify   '/Users/mushfiq/Desktop/football-auction2/football-auction-backend/node_modules/fast-check': '/Users/mushfiq/Desktop/football-auction2/football-auction-backend/node_modules/.fast-check-yT8AdRR5',
322 silly reify   '/Users/mushfiq/Desktop/football-auction2/football-auction-backend/node_modules/fast-decode-uri-component': '/Users/mushfiq/Desktop/football-auction2/football-auction-backend/node_modules/.fast-decode-uri-component-xlBn195n',
322 silly reify   '/Users/mushfiq/Desktop/football-auction2/football-auction-backend/node_modules/fast-querystring': '/Users/mushfiq/Desktop/football-auction2/football-auction-backend/node_modules/.fast-querystring-jk8eG11J',
322 silly reify   '/Users/mushfiq/Desktop/football-auction2/football-auction-backend/node_modules/fast-deep-equal': '/Users/mushfiq/Desktop/football-auction2/football-auction-backend/node_modules/.fast-deep-equal-EzmFf5m4',
322 silly reify   '/Users/mushfiq/Desktop/football-auction2/football-auction-backend/node_modules/fast-uri': '/Users/mushfiq/Desktop/football-auction2/football-auction-backend/node_modules/.fast-uri-IjXVV03o',
322 silly reify   '/Users/mushfiq/Desktop/football-auction2/football-auction-backend/node_modules/find-my-way': '/Users/mushfiq/Desktop/football-auction2/football-auction-backend/node_modules/.find-my-way-8bQvMlCI',
322 silly reify   '/Users/mushfiq/Desktop/football-auction2/football-auction-backend/node_modules/foreground-child': '/Users/mushfiq/Desktop/football-auction2/football-auction-backend/node_modules/.foreground-child-zWwl4KAe',
322 silly reify   '/Users/mushfiq/Desktop/football-auction2/football-auction-backend/node_modules/generate-function': '/Users/mushfiq/Desktop/football-auction2/football-auction-backend/node_modules/.generate-function-T9hosXRs',
322 silly reify   '/Users/mushfiq/Desktop/football-auction2/football-auction-backend/node_modules/get-port-please': '/Users/mushfiq/Desktop/football-auction2/football-auction-backend/node_modules/.get-port-please-kr4leVJ2',
322 silly reify   '/Users/mushfiq/Desktop/football-auction2/football-auction-backend/node_modules/exsolve': '/Users/mushfiq/Desktop/football-auction2/football-auction-backend/node_modules/.exsolve-5zGA4k6z',
322 silly reify   '/Users/mushfiq/Desktop/football-auction2/football-auction-backend/node_modules/graceful-fs': '/Users/mushfiq/Desktop/football-auction2/football-auction-backend/node_modules/.graceful-fs-WzKc2Kik',
322 silly reify   '/Users/mushfiq/Desktop/football-auction2/football-auction-backend/node_modules/giget': '/Users/mushfiq/Desktop/football-auction2/football-auction-backend/node_modules/.giget-0VrpqIHl',
322 silly reify   '/Users/mushfiq/Desktop/football-auction2/football-auction-backend/node_modules/.bin/giget': '/Users/mushfiq/Desktop/football-auction2/football-auction-backend/node_modules/.bin/.giget-0ld1KnUk',
322 silly reify   '/Users/mushfiq/Desktop/football-auction2/football-auction-backend/node_modules/grammex': '/Users/mushfiq/Desktop/football-auction2/football-auction-backend/node_modules/.grammex-AS1dbW0F',
322 silly reify   '/Users/mushfiq/Desktop/football-auction2/football-auction-backend/node_modules/graphmatch': '/Users/mushfiq/Desktop/football-auction2/football-auction-backend/node_modules/.graphmatch-kK5klLgJ',
322 silly reify   '/Users/mushfiq/Desktop/football-auction2/football-auction-backend/node_modules/internmap': '/Users/mushfiq/Desktop/football-auction2/football-auction-backend/node_modules/.internmap-2pNciZtv',
322 silly reify   '/Users/mushfiq/Desktop/football-auction2/football-auction-backend/node_modules/jiti': '/Users/mushfiq/Desktop/football-auction2/football-auction-backend/node_modules/.jiti-kjhi4rHO',
322 silly reify   '/Users/mushfiq/Desktop/football-auction2/football-auction-backend/node_modules/.bin/jiti': '/Users/mushfiq/Desktop/football-auction2/football-auction-backend/node_modules/.bin/.jiti-joZPVYMg',
322 silly reify   '/Users/mushfiq/Desktop/football-auction2/football-auction-backend/node_modules/is-property': '/Users/mushfiq/Desktop/football-auction2/football-auction-backend/node_modules/.is-property-M5yIahNN',
322 silly reify   '/Users/mushfiq/Desktop/football-auction2/football-auction-backend/node_modules/isexe': '/Users/mushfiq/Desktop/football-auction2/football-auction-backend/node_modules/.isexe-RHNW5aag',
322 silly reify   '/Users/mushfiq/Desktop/football-auction2/football-auction-backend/node_modules/json-schema-traverse': '/Users/mushfiq/Desktop/football-auction2/football-auction-backend/node_modules/.json-schema-traverse-ZsCIMnRm',
322 silly reify   '/Users/mushfiq/Desktop/football-auction2/football-auction-backend/node_modules/long': '/Users/mushfiq/Desktop/football-auction2/football-auction-backend/node_modules/.long-CjMnqQnN',
322 silly reify   '/Users/mushfiq/Desktop/football-auction2/football-auction-backend/node_modules/lru.min': '/Users/mushfiq/Desktop/football-auction2/football-auction-backend/node_modules/.lru.min-mXPL0YVq',
322 silly reify   '/Users/mushfiq/Desktop/football-auction2/football-auction-backend/node_modules/named-placeholders': '/Users/mushfiq/Desktop/football-auction2/football-auction-backend/node_modules/.named-placeholders-0SetsC4P',
322 silly reify   '/Users/mushfiq/Desktop/football-auction2/football-auction-backend/node_modules/mysql2': '/Users/mushfiq/Desktop/football-auction2/football-auction-backend/node_modules/.mysql2-JKMPT2Zr',
322 silly reify   '/Users/mushfiq/Desktop/football-auction2/football-auction-backend/node_modules/ohash': '/Users/mushfiq/Desktop/football-auction2/football-auction-backend/node_modules/.ohash-E1qzyZZ4',
322 silly reify   '/Users/mushfiq/Desktop/football-auction2/football-auction-backend/node_modules/path-key': '/Users/mushfiq/Desktop/football-auction2/football-auction-backend/node_modules/.path-key-d0OsIxuE',
322 silly reify   '/Users/mushfiq/Desktop/football-auction2/football-auction-backend/node_modules/pathe': '/Users/mushfiq/Desktop/football-auction2/football-auction-backend/node_modules/.pathe-fXFZxv0Z',
322 silly reify   '/Users/mushfiq/Desktop/football-auction2/football-auction-backend/node_modules/perfect-debounce': '/Users/mushfiq/Desktop/football-auction2/football-auction-backend/node_modules/.perfect-debounce-HiCQwmug',
322 silly reify   '/Users/mushfiq/Desktop/football-auction2/football-auction-backend/node_modules/pkg-types': '/Users/mushfiq/Desktop/football-auction2/football-auction-backend/node_modules/.pkg-types-IH9KaJve',
322 silly reify   '/Users/mushfiq/Desktop/football-auction2/football-auction-backend/node_modules/prisma': '/Users/mushfiq/Desktop/football-auction2/football-auction-backend/node_modules/.prisma-m4JurWqa',
322 silly reify   '/Users/mushfiq/Desktop/football-auction2/football-auction-backend/node_modules/.bin/prisma': '/Users/mushfiq/Desktop/football-auction2/football-auction-backend/node_modules/.bin/.prisma-Uge2gw6R',
322 silly reify   '/Users/mushfiq/Desktop/football-auction2/football-auction-backend/node_modules/proper-lockfile': '/Users/mushfiq/Desktop/football-auction2/football-auction-backend/node_modules/.proper-lockfile-Fbq8JtU0',
322 silly reify   '/Users/mushfiq/Desktop/football-auction2/football-auction-backend/node_modules/pure-rand': '/Users/mushfiq/Desktop/football-auction2/football-auction-backend/node_modules/.pure-rand-wSNboggV',
322 silly reify   '/Users/mushfiq/Desktop/football-auction2/football-auction-backend/node_modules/rc9': '/Users/mushfiq/Desktop/football-auction2/football-auction-backend/node_modules/.rc9-pP2uIzBJ',
322 silly reify   '/Users/mushfiq/Desktop/football-auction2/football-auction-backend/node_modules/react': '/Users/mushfiq/Desktop/football-auction2/football-auction-backend/node_modules/.react-nrQM87Tu',
322 silly reify   '/Users/mushfiq/Desktop/football-auction2/football-auction-backend/node_modules/readdirp': '/Users/mushfiq/Desktop/football-auction2/football-auction-backend/node_modules/.readdirp-xk3V75NF',
322 silly reify   '/Users/mushfiq/Desktop/football-auction2/football-auction-backend/node_modules/react-dom': '/Users/mushfiq/Desktop/football-auction2/football-auction-backend/node_modules/.react-dom-BPNpfrbw',
322 silly reify   '/Users/mushfiq/Desktop/football-auction2/football-auction-backend/node_modules/remeda': '/Users/mushfiq/Desktop/football-auction2/football-auction-backend/node_modules/.remeda-cOaMHHig',
322 silly reify   '/Users/mushfiq/Desktop/football-auction2/football-auction-backend/node_modules/require-from-string': '/Users/mushfiq/Desktop/football-auction2/football-auction-backend/node_modules/.require-from-string-9RGxuYXR',
322 silly reify   '/Users/mushfiq/Desktop/football-auction2/football-auction-backend/node_modules/retry': '/Users/mushfiq/Desktop/football-auction2/football-auction-backend/node_modules/.retry-6r5oDBeg',
322 silly reify   '/Users/mushfiq/Desktop/football-auction2/football-auction-backend/node_modules/postgres': '/Users/mushfiq/Desktop/football-auction2/football-auction-backend/node_modules/.postgres-Hm2GC9qy',
322 silly reify   '/Users/mushfiq/Desktop/football-auction2/football-auction-backend/node_modules/ret': '/Users/mushfiq/Desktop/football-auction2/football-auction-backend/node_modules/.ret-qEKdzz4b',
322 silly reify   '/Users/mushfiq/Desktop/football-auction2/football-auction-backend/node_modules/robust-predicates': '/Users/mushfiq/Desktop/football-auction2/football-auction-backend/node_modules/.robust-predicates-CE6q2ZeQ',
322 silly reify   '/Users/mushfiq/Desktop/football-auction2/football-auction-backend/node_modules/safe-regex2': '/Users/mushfiq/Desktop/football-auction2/football-auction-backend/node_modules/.safe-regex2-mKIwxWvR',
322 silly reify   '/Users/mushfiq/Desktop/football-auction2/football-auction-backend/node_modules/.bin/safe-regex2': '/Users/mushfiq/Desktop/football-auction2/football-auction-backend/node_modules/.bin/.safe-regex2-wWPhtzIy',
322 silly reify   '/Users/mushfiq/Desktop/football-auction2/football-auction-backend/node_modules/seq-queue': '/Users/mushfiq/Desktop/football-auction2/football-auction-backend/node_modules/.seq-queue-w5Xw9l4S',
322 silly reify   '/Users/mushfiq/Desktop/football-auction2/football-auction-backend/node_modules/scheduler': '/Users/mushfiq/Desktop/football-auction2/football-auction-backend/node_modules/.scheduler-7K8WXyVa',
322 silly reify   '/Users/mushfiq/Desktop/football-auction2/football-auction-backend/node_modules/shebang-command': '/Users/mushfiq/Desktop/football-auction2/football-auction-backend/node_modules/.shebang-command-ZtCN6jt6',
322 silly reify   '/Users/mushfiq/Desktop/football-auction2/football-auction-backend/node_modules/shebang-regex': '/Users/mushfiq/Desktop/football-auction2/football-auction-backend/node_modules/.shebang-regex-3qp3ik9A',
322 silly reify   '/Users/mushfiq/Desktop/football-auction2/football-auction-backend/node_modules/signal-exit': '/Users/mushfiq/Desktop/football-auction2/football-auction-backend/node_modules/.signal-exit-lQvmvS1f',
322 silly reify   '/Users/mushfiq/Desktop/football-auction2/football-auction-backend/node_modules/std-env': '/Users/mushfiq/Desktop/football-auction2/football-auction-backend/node_modules/.std-env-TjzTRjGY',
322 silly reify   '/Users/mushfiq/Desktop/football-auction2/football-auction-backend/node_modules/sqlstring': '/Users/mushfiq/Desktop/football-auction2/football-auction-backend/node_modules/.sqlstring-IBnpAX7A',
322 silly reify   '/Users/mushfiq/Desktop/football-auction2/football-auction-backend/node_modules/valibot': '/Users/mushfiq/Desktop/football-auction2/football-auction-backend/node_modules/.valibot-Tz6ywfu9',
322 silly reify   '/Users/mushfiq/Desktop/football-auction2/football-auction-backend/node_modules/which': '/Users/mushfiq/Desktop/football-auction2/football-auction-backend/node_modules/.which-HJckaNeY',
322 silly reify   '/Users/mushfiq/Desktop/football-auction2/football-auction-backend/node_modules/.bin/node-which': '/Users/mushfiq/Desktop/football-auction2/football-auction-backend/node_modules/.bin/.node-which-gxJvruAO',
322 silly reify   '/Users/mushfiq/Desktop/football-auction2/football-auction-backend/node_modules/zeptomatch': '/Users/mushfiq/Desktop/football-auction2/football-auction-backend/node_modules/.zeptomatch-2I7mX7zJ',
322 silly reify   '/Users/mushfiq/Desktop/football-auction2/football-auction-backend/node_modules/@electric-sql/pglite-socket': '/Users/mushfiq/Desktop/football-auction2/football-auction-backend/node_modules/@electric-sql/.pglite-socket-NvI1fPvd',
322 silly reify   '/Users/mushfiq/Desktop/football-auction2/football-auction-backend/node_modules/.bin/pglite-server': '/Users/mushfiq/Desktop/football-auction2/football-auction-backend/node_modules/.bin/.pglite-server-QN6wpa7B',
322 silly reify   '/Users/mushfiq/Desktop/football-auction2/football-auction-backend/node_modules/@electric-sql/pglite-tools': '/Users/mushfiq/Desktop/football-auction2/football-auction-backend/node_modules/@electric-sql/.pglite-tools-noaeB5IR',
322 silly reify   '/Users/mushfiq/Desktop/football-auction2/football-auction-backend/node_modules/@prisma/client': '/Users/mushfiq/Desktop/football-auction2/football-auction-backend/node_modules/@prisma/.client-5LeTBW0G',
322 silly reify   '/Users/mushfiq/Desktop/football-auction2/football-auction-backend/node_modules/@prisma/config': '/Users/mushfiq/Desktop/football-auction2/football-auction-backend/node_modules/@prisma/.config-U7YvFCZL',
322 silly reify   '/Users/mushfiq/Desktop/football-auction2/football-auction-backend/node_modules/@prisma/client-runtime-utils': '/Users/mushfiq/Desktop/football-auction2/football-auction-backend/node_modules/@prisma/.client-runtime-utils-Y0HFRj45',
322 silly reify   '/Users/mushfiq/Desktop/football-auction2/football-auction-backend/node_modules/@prisma/debug': '/Users/mushfiq/Desktop/football-auction2/football-auction-backend/node_modules/@prisma/.debug-WSfQJ4he',
322 silly reify   '/Users/mushfiq/Desktop/football-auction2/football-auction-backend/node_modules/@prisma/dev': '/Users/mushfiq/Desktop/football-auction2/football-auction-backend/node_modules/@prisma/.dev-qowBOarY',
322 silly reify   '/Users/mushfiq/Desktop/football-auction2/football-auction-backend/node_modules/@prisma/engines': '/Users/mushfiq/Desktop/football-auction2/football-auction-backend/node_modules/@prisma/.engines-xG0DjyYk',
322 silly reify   '/Users/mushfiq/Desktop/football-auction2/football-auction-backend/node_modules/@prisma/engines-version': '/Users/mushfiq/Desktop/football-auction2/football-auction-backend/node_modules/@prisma/.engines-version-ShnYhg2V',
322 silly reify   '/Users/mushfiq/Desktop/football-auction2/football-auction-backend/node_modules/@prisma/fetch-engine': '/Users/mushfiq/Desktop/football-auction2/football-auction-backend/node_modules/@prisma/.fetch-engine-ipegoRvH',
322 silly reify   '/Users/mushfiq/Desktop/football-auction2/football-auction-backend/node_modules/@electric-sql/pglite': '/Users/mushfiq/Desktop/football-auction2/football-auction-backend/node_modules/@electric-sql/.pglite-eQI1tyov',
322 silly reify   '/Users/mushfiq/Desktop/football-auction2/football-auction-backend/node_modules/@prisma/get-platform': '/Users/mushfiq/Desktop/football-auction2/football-auction-backend/node_modules/@prisma/.get-platform-WxLmlWxR',
322 silly reify   '/Users/mushfiq/Desktop/football-auction2/football-auction-backend/node_modules/@prisma/studio-core': '/Users/mushfiq/Desktop/football-auction2/football-auction-backend/node_modules/@prisma/.studio-core-HzBQRaG6',
322 silly reify   '/Users/mushfiq/Desktop/football-auction2/football-auction-backend/node_modules/@radix-ui/react-primitive': '/Users/mushfiq/Desktop/football-auction2/football-auction-backend/node_modules/@radix-ui/.react-primitive-fLVrIncP',
322 silly reify   '/Users/mushfiq/Desktop/football-auction2/football-auction-backend/node_modules/@radix-ui/primitive': '/Users/mushfiq/Desktop/football-auction2/football-auction-backend/node_modules/@radix-ui/.primitive-L3la4xOm',
322 silly reify   '/Users/mushfiq/Desktop/football-auction2/football-auction-backend/node_modules/@radix-ui/react-compose-refs': '/Users/mushfiq/Desktop/football-auction2/football-auction-backend/node_modules/@radix-ui/.react-compose-refs-9MbiUQoE',
322 silly reify   '/Users/mushfiq/Desktop/football-auction2/football-auction-backend/node_modules/@radix-ui/react-slot': '/Users/mushfiq/Desktop/football-auction2/football-auction-backend/node_modules/@radix-ui/.react-slot-uVwnv5SS',
322 silly reify   '/Users/mushfiq/Desktop/football-auction2/football-auction-backend/node_modules/@radix-ui/react-toggle': '/Users/mushfiq/Desktop/football-auction2/football-auction-backend/node_modules/@radix-ui/.react-toggle-no11wVEB',
322 silly reify   '/Users/mushfiq/Desktop/football-auction2/football-auction-backend/node_modules/@radix-ui/react-use-controllable-state': '/Users/mushfiq/Desktop/football-auction2/football-auction-backend/node_modules/@radix-ui/.react-use-controllable-state-eCh9fNV0',
322 silly reify   '/Users/mushfiq/Desktop/football-auction2/football-auction-backend/node_modules/@radix-ui/react-use-effect-event': '/Users/mushfiq/Desktop/football-auction2/football-auction-backend/node_modules/@radix-ui/.react-use-effect-event-RyRdhbkl',
322 silly reify   '/Users/mushfiq/Desktop/football-auction2/football-auction-backend/node_modules/@prisma/query-plan-executor': '/Users/mushfiq/Desktop/football-auction2/football-auction-backend/node_modules/@prisma/.query-plan-executor-UDhkG7rh',
322 silly reify   '/Users/mushfiq/Desktop/football-auction2/football-auction-backend/node_modules/@prisma/streams-local': '/Users/mushfiq/Desktop/football-auction2/football-auction-backend/node_modules/@prisma/.streams-local-gmQ3Cl1W',
322 silly reify   '/Users/mushfiq/Desktop/football-auction2/football-auction-backend/node_modules/@radix-ui/react-use-layout-effect': '/Users/mushfiq/Desktop/football-auction2/football-auction-backend/node_modules/@radix-ui/.react-use-layout-effect-b09DDEhj',
322 silly reify   '/Users/mushfiq/Desktop/football-auction2/football-auction-backend/node_modules/@standard-schema/spec': '/Users/mushfiq/Desktop/football-auction2/football-auction-backend/node_modules/@standard-schema/.spec-bYEeAyqJ',
322 silly reify   '/Users/mushfiq/Desktop/football-auction2/football-auction-backend/node_modules/@types/d3-array': '/Users/mushfiq/Desktop/football-auction2/football-auction-backend/node_modules/@types/.d3-array-Cvp4jq8w',
322 silly reify   '/Users/mushfiq/Desktop/football-auction2/football-auction-backend/node_modules/@types/d3-color': '/Users/mushfiq/Desktop/football-auction2/football-auction-backend/node_modules/@types/.d3-color-gq6LBqbD',
322 silly reify   '/Users/mushfiq/Desktop/football-auction2/football-auction-backend/node_modules/@types/d3-delaunay': '/Users/mushfiq/Desktop/football-auction2/football-auction-backend/node_modules/@types/.d3-delaunay-fxjHjLM4',
322 silly reify   '/Users/mushfiq/Desktop/football-auction2/football-auction-backend/node_modules/@types/d3-format': '/Users/mushfiq/Desktop/football-auction2/football-auction-backend/node_modules/@types/.d3-format-8FcQ5gNb',
322 silly reify   '/Users/mushfiq/Desktop/football-auction2/football-auction-backend/node_modules/@types/d3-geo': '/Users/mushfiq/Desktop/football-auction2/football-auction-backend/node_modules/@types/.d3-geo-vHUt1r7U',
322 silly reify   '/Users/mushfiq/Desktop/football-auction2/football-auction-backend/node_modules/@types/d3-interpolate': '/Users/mushfiq/Desktop/football-auction2/football-auction-backend/node_modules/@types/.d3-interpolate-t2qx41tY',
322 silly reify   '/Users/mushfiq/Desktop/football-auction2/football-auction-backend/node_modules/@types/d3-path': '/Users/mushfiq/Desktop/football-auction2/football-auction-backend/node_modules/@types/.d3-path-FI3R9zQ0',
322 silly reify   '/Users/mushfiq/Desktop/football-auction2/football-auction-backend/node_modules/@types/d3-scale': '/Users/mushfiq/Desktop/football-auction2/football-auction-backend/node_modules/@types/.d3-scale-FSLYsD6s',
322 silly reify   '/Users/mushfiq/Desktop/football-auction2/football-auction-backend/node_modules/@types/d3-shape': '/Users/mushfiq/Desktop/football-auction2/football-auction-backend/node_modules/@types/.d3-shape-bwy8JXZt',
322 silly reify   '/Users/mushfiq/Desktop/football-auction2/football-auction-backend/node_modules/@types/d3-time': '/Users/mushfiq/Desktop/football-auction2/football-auction-backend/node_modules/@types/.d3-time-NU1xp5EN',
322 silly reify   '/Users/mushfiq/Desktop/football-auction2/football-auction-backend/node_modules/@types/d3-time-format': '/Users/mushfiq/Desktop/football-auction2/football-auction-backend/node_modules/@types/.d3-time-format-NAYLeJVq',
322 silly reify   '/Users/mushfiq/Desktop/football-auction2/football-auction-backend/node_modules/@types/geojson': '/Users/mushfiq/Desktop/football-auction2/football-auction-backend/node_modules/@types/.geojson-SIwuFZe0',
322 silly reify   '/Users/mushfiq/Desktop/football-auction2/football-auction-backend/node_modules/@types/lodash': '/Users/mushfiq/Desktop/football-auction2/football-auction-backend/node_modules/@types/.lodash-vueZbFP6',
322 silly reify   '/Users/mushfiq/Desktop/football-auction2/football-auction-backend/node_modules/@types/react': '/Users/mushfiq/Desktop/football-auction2/football-auction-backend/node_modules/@types/.react-0nPzc8PR',
322 silly reify   '/Users/mushfiq/Desktop/football-auction2/football-auction-backend/node_modules/@visx/curve': '/Users/mushfiq/Desktop/football-auction2/football-auction-backend/node_modules/@visx/.curve-nVsCm2gT',
322 silly reify   '/Users/mushfiq/Desktop/football-auction2/football-auction-backend/node_modules/@visx/event': '/Users/mushfiq/Desktop/football-auction2/football-auction-backend/node_modules/@visx/.event-AoidTmcP',
322 silly reify   '/Users/mushfiq/Desktop/football-auction2/football-auction-backend/node_modules/@visx/grid': '/Users/mushfiq/Desktop/football-auction2/football-auction-backend/node_modules/@visx/.grid-LwlsnHpW',
322 silly reify   '/Users/mushfiq/Desktop/football-auction2/football-auction-backend/node_modules/@visx/group': '/Users/mushfiq/Desktop/football-auction2/football-auction-backend/node_modules/@visx/.group-1U7XD87t',
322 silly reify   '/Users/mushfiq/Desktop/football-auction2/football-auction-backend/node_modules/@visx/shape': '/Users/mushfiq/Desktop/football-auction2/football-auction-backend/node_modules/@visx/.shape-OZcS7bFZ',
322 silly reify   '/Users/mushfiq/Desktop/football-auction2/football-auction-backend/node_modules/@visx/point': '/Users/mushfiq/Desktop/football-auction2/football-auction-backend/node_modules/@visx/.point-VZ4621af',
322 silly reify   '/Users/mushfiq/Desktop/football-auction2/football-auction-backend/node_modules/@visx/responsive': '/Users/mushfiq/Desktop/football-auction2/football-auction-backend/node_modules/@visx/.responsive-GOd8YnHk',
322 silly reify   '/Users/mushfiq/Desktop/football-auction2/football-auction-backend/node_modules/@visx/scale': '/Users/mushfiq/Desktop/football-auction2/football-auction-backend/node_modules/@visx/.scale-Dd5D5Kzk',
322 silly reify   '/Users/mushfiq/Desktop/football-auction2/football-auction-backend/node_modules/@visx/vendor': '/Users/mushfiq/Desktop/football-auction2/football-auction-backend/node_modules/@visx/.vendor-gKOrUiaP'
322 silly reify }
323 silly audit bulk request {
323 silly audit   '@cspotcode/source-map-support': [ '0.8.1' ],
323 silly audit   '@jridgewell/resolve-uri': [ '3.1.2' ],
323 silly audit   '@jridgewell/sourcemap-codec': [ '1.5.5' ],
323 silly audit   '@jridgewell/trace-mapping': [ '0.3.9' ],
323 silly audit   '@socket.io/component-emitter': [ '3.1.2' ],
323 silly audit   '@stablelib/base64': [ '1.0.1' ],
323 silly audit   '@tsconfig/node10': [ '1.0.12' ],
323 silly audit   '@tsconfig/node12': [ '1.0.11' ],
323 silly audit   '@tsconfig/node14': [ '1.0.3' ],
323 silly audit   '@tsconfig/node16': [ '1.0.4' ],
323 silly audit   '@types/bcryptjs': [ '2.4.6' ],
323 silly audit   '@types/body-parser': [ '1.19.6' ],
323 silly audit   '@types/connect': [ '3.4.38' ],
323 silly audit   '@types/cors': [ '2.8.19' ],
323 silly audit   '@types/express': [ '5.0.6' ],
323 silly audit   '@types/express-serve-static-core': [ '5.1.3' ],
323 silly audit   '@types/http-errors': [ '2.0.5' ],
323 silly audit   '@types/jsonwebtoken': [ '9.0.10' ],
323 silly audit   '@types/ms': [ '2.1.0' ],
323 silly audit   '@types/multer': [ '2.2.0' ],
323 silly audit   '@types/node': [ '26.1.2' ],
323 silly audit   '@types/qs': [ '6.15.1' ],
323 silly audit   '@types/range-parser': [ '1.2.7' ],
323 silly audit   '@types/send': [ '1.2.1' ],
323 silly audit   '@types/serve-static': [ '2.2.0' ],
323 silly audit   '@types/strip-bom': [ '3.0.0' ],
323 silly audit   '@types/strip-json-comments': [ '0.0.30' ],
323 silly audit   '@types/ws': [ '8.18.1' ],
323 silly audit   '@typescript/typescript-aix-ppc64': [ '7.0.2' ],
323 silly audit   '@typescript/typescript-darwin-arm64': [ '7.0.2' ],
323 silly audit   '@typescript/typescript-darwin-x64': [ '7.0.2' ],
323 silly audit   '@typescript/typescript-freebsd-arm64': [ '7.0.2' ],
323 silly audit   '@typescript/typescript-freebsd-x64': [ '7.0.2' ],
323 silly audit   '@typescript/typescript-linux-arm': [ '7.0.2' ],
323 silly audit   '@typescript/typescript-linux-arm64': [ '7.0.2' ],
323 silly audit   '@typescript/typescript-linux-loong64': [ '7.0.2' ],
323 silly audit   '@typescript/typescript-linux-mips64el': [ '7.0.2' ],
323 silly audit   '@typescript/typescript-linux-ppc64': [ '7.0.2' ],
323 silly audit   '@typescript/typescript-linux-riscv64': [ '7.0.2' ],
323 silly audit   '@typescript/typescript-linux-s390x': [ '7.0.2' ],
323 silly audit   '@typescript/typescript-linux-x64': [ '7.0.2' ],
323 silly audit   '@typescript/typescript-netbsd-arm64': [ '7.0.2' ],
323 silly audit   '@typescript/typescript-netbsd-x64': [ '7.0.2' ],
323 silly audit   '@typescript/typescript-openbsd-arm64': [ '7.0.2' ],
323 silly audit   '@typescript/typescript-openbsd-x64': [ '7.0.2' ],
323 silly audit   '@typescript/typescript-sunos-x64': [ '7.0.2' ],
323 silly audit   '@typescript/typescript-win32-arm64': [ '7.0.2' ],
323 silly audit   '@typescript/typescript-win32-x64': [ '7.0.2' ],
323 silly audit   accepts: [ '2.0.0', '1.3.8' ],
323 silly audit   acorn: [ '8.18.0' ],
323 silly audit   'acorn-walk': [ '8.3.5' ],
323 silly audit   anymatch: [ '3.1.3' ],
323 silly audit   'append-field': [ '1.0.0' ],
323 silly audit   arg: [ '4.1.3' ],
323 silly audit   'balanced-match': [ '1.0.2' ],
323 silly audit   base64id: [ '2.0.0' ],
323 silly audit   bcryptjs: [ '3.0.3' ],
323 silly audit   'binary-extensions': [ '2.3.0' ],
323 silly audit   'body-parser': [ '2.3.0' ],
323 silly audit   'content-type': [ '2.0.0', '1.0.5' ],
323 silly audit   'brace-expansion': [ '1.1.18' ],
323 silly audit   braces: [ '3.0.3' ],
323 silly audit   'buffer-equal-constant-time': [ '1.0.1' ],
323 silly audit   'buffer-from': [ '1.1.2' ],
323 silly audit   busboy: [ '1.6.0' ],
323 silly audit   bytes: [ '3.1.2' ],
323 silly audit   'call-bind-apply-helpers': [ '1.0.2' ],
323 silly audit   'call-bound': [ '1.0.4' ],
323 silly audit   chokidar: [ '3.6.0' ],
323 silly audit   cloudinary: [ '2.10.0' ],
323 silly audit   'concat-map': [ '0.0.1' ],
323 silly audit   'concat-stream': [ '2.0.0' ],
323 silly audit   'content-disposition': [ '1.1.0' ],
323 silly audit   cookie: [ '0.7.2' ],
323 silly audit   'cookie-signature': [ '1.2.2' ],
323 silly audit   cors: [ '2.8.6' ],
323 silly audit   'create-require': [ '1.1.1' ],
323 silly audit   debug: [ '4.4.3' ],
323 silly audit   depd: [ '2.0.0' ],
323 silly audit   diff: [ '4.0.4' ],
323 silly audit   dotenv: [ '17.4.2' ],
323 silly audit   'dunder-proto': [ '1.0.1' ],
323 silly audit   'dynamic-dedupe': [ '0.3.0' ],
323 silly audit   'ecdsa-sig-formatter': [ '1.0.11' ],
323 silly audit   'ee-first': [ '1.1.1' ],
323 silly audit   encodeurl: [ '2.0.0' ],
323 silly audit   'engine.io': [ '6.6.9' ],
323 silly audit   'engine.io-parser': [ '5.2.3' ],
323 silly audit   'mime-db': [ '1.52.0', '1.54.0' ],
323 silly audit   'mime-types': [ '2.1.35', '3.0.2' ],
323 silly audit   negotiator: [ '0.6.3', '1.0.0' ],
323 silly audit   'es-define-property': [ '1.0.1' ],
323 silly audit   'es-errors': [ '1.3.0' ],
323 silly audit   'es-object-atoms': [ '1.1.2' ],
323 silly audit   'escape-html': [ '1.0.3' ],
323 silly audit   etag: [ '1.8.1' ],
323 silly audit   express: [ '5.2.1' ],
323 silly audit   'fast-sha256': [ '1.3.0' ],
323 silly audit   'fill-range': [ '7.1.1' ],
323 silly audit   finalhandler: [ '2.1.1' ],
323 silly audit   forwarded: [ '0.2.0' ],
323 silly audit   fresh: [ '2.0.0' ],
323 silly audit   'fs.realpath': [ '1.0.0' ],
323 silly audit   fsevents: [ '2.3.3' ],
323 silly audit   'function-bind': [ '1.1.2' ],
323 silly audit   'get-intrinsic': [ '1.3.0' ],
323 silly audit   'get-proto': [ '1.0.1' ],
323 silly audit   glob: [ '7.2.3' ],
323 silly audit   'glob-parent': [ '5.1.2' ],
323 silly audit   gopd: [ '1.2.0' ],
323 silly audit   'has-symbols': [ '1.1.0' ],
323 silly audit   hasown: [ '2.0.4' ],
323 silly audit   'http-errors': [ '2.0.1' ],
323 silly audit   'iconv-lite': [ '0.7.3' ],
323 silly audit   inflight: [ '1.0.6' ],
323 silly audit   inherits: [ '2.0.4' ],
323 silly audit   'ipaddr.js': [ '1.9.1' ],
323 silly audit   'is-binary-path': [ '2.1.0' ],
323 silly audit   'is-core-module': [ '2.16.2' ],
323 silly audit   'is-extglob': [ '2.1.1' ],
323 silly audit   'is-glob': [ '4.0.3' ],
323 silly audit   'is-number': [ '7.0.0' ],
323 silly audit   'is-promise': [ '4.0.0' ],
323 silly audit   jsonwebtoken: [ '9.0.3' ],
323 silly audit   jwa: [ '2.0.1' ],
323 silly audit   jws: [ '4.0.1' ],
323 silly audit   lodash: [ '4.18.1' ],
323 silly audit   'lodash.includes': [ '4.3.0' ],
323 silly audit   'lodash.isboolean': [ '3.0.3' ],
323 silly audit   'lodash.isinteger': [ '4.0.4' ],
323 silly audit   'lodash.isnumber': [ '3.0.3' ],
323 silly audit   'lodash.isplainobject': [ '4.0.6' ],
323 silly audit   'lodash.isstring': [ '4.0.1' ],
323 silly audit   'lodash.once': [ '4.1.1' ],
323 silly audit   'make-error': [ '1.3.6' ],
323 silly audit   'math-intrinsics': [ '1.1.0' ],
323 silly audit   'media-typer': [ '1.1.1', '0.3.0' ],
323 silly audit   'merge-descriptors': [ '2.0.0' ],
323 silly audit   minimatch: [ '3.1.5' ],
323 silly audit   minimist: [ '1.2.8' ],
323 silly audit   mkdirp: [ '1.0.4' ],
323 silly audit   ms: [ '2.1.3' ],
323 silly audit   multer: [ '2.2.0' ],
323 silly audit   'type-is': [ '1.6.18', '2.1.0' ],
323 silly audit   'normalize-path': [ '3.0.0' ],
323 silly audit   'object-assign': [ '4.1.1' ],
323 silly audit   'object-inspect': [ '1.13.4' ],
323 silly audit   'on-finished': [ '2.4.1' ],
323 silly audit   once: [ '1.4.0' ],
323 silly audit   parseurl: [ '1.3.3' ],
323 silly audit   'path-is-absolute': [ '1.0.1' ],
323 silly audit   'path-parse': [ '1.0.7' ],
323 silly audit   'path-to-regexp': [ '8.4.2' ],
323 silly audit   picomatch: [ '2.3.2' ],
323 silly audit   'postal-mime': [ '2.7.5' ],
323 silly audit   'proxy-addr': [ '2.0.7' ],
323 silly audit   qs: [ '6.15.3' ],
323 silly audit   'range-parser': [ '1.3.0' ],
323 silly audit   'raw-body': [ '3.0.2' ],
323 silly audit   'readable-stream': [ '3.6.2' ],
323 silly audit   readdirp: [ '3.6.0' ],
323 silly audit   resend: [ '6.18.1' ],
323 silly audit   resolve: [ '1.22.12' ],
323 silly audit   rimraf: [ '2.7.1' ],
323 silly audit   router: [ '2.2.0' ],
323 silly audit   'safe-buffer': [ '5.2.1' ],
323 silly audit   'safer-buffer': [ '2.1.2' ],
323 silly audit   semver: [ '7.8.5' ],
323 silly audit   send: [ '1.2.1' ],
323 silly audit   'serve-static': [ '2.2.1' ],
323 silly audit   setprototypeof: [ '1.2.0' ],
323 silly audit   'side-channel': [ '1.1.1' ],
323 silly audit   'side-channel-list': [ '1.0.1' ],
323 silly audit   'side-channel-map': [ '1.0.1' ],
323 silly audit   'side-channel-weakmap': [ '1.0.2' ],
323 silly audit   'socket.io': [ '4.8.3' ],
323 silly audit   'socket.io-adapter': [ '2.5.8' ],
323 silly audit   'socket.io-parser': [ '4.2.7' ],
323 silly audit   'source-map': [ '0.6.1' ],
323 silly audit   'source-map-support': [ '0.5.21' ],
323 silly audit   standardwebhooks: [ '1.0.0' ],
323 silly audit   statuses: [ '2.0.2' ],
323 silly audit   streamsearch: [ '1.1.0' ],
323 silly audit   string_decoder: [ '1.3.0' ],
323 silly audit   'strip-bom': [ '3.0.0' ],
323 silly audit   'strip-json-comments': [ '2.0.1' ],
323 silly audit   'supports-preserve-symlinks-flag': [ '1.0.0' ],
323 silly audit   'to-regex-range': [ '5.0.1' ],
323 silly audit   toidentifier: [ '1.0.1' ],
323 silly audit   'tree-kill': [ '1.2.2' ],
323 silly audit   'ts-node': [ '10.9.2' ],
323 silly audit   'ts-node-dev': [ '2.0.0' ],
323 silly audit   tsconfig: [ '7.0.0' ],
323 silly audit   typedarray: [ '0.0.6' ],
323 silly audit   typescript: [ '7.0.2' ],
323 silly audit   'undici-types': [ '8.3.0' ],
323 silly audit   unpipe: [ '1.0.0' ],
323 silly audit   'util-deprecate': [ '1.0.2' ],
323 silly audit   'v8-compile-cache-lib': [ '3.0.1' ],
323 silly audit   vary: [ '1.1.2' ],
323 silly audit   wrappy: [ '1.0.2' ],
323 silly audit   ws: [ '8.21.2' ],
323 silly audit   xtend: [ '4.0.2' ],
323 silly audit   yn: [ '3.1.1' ],
323 silly audit   zod: [ '4.4.3' ],
323 silly audit   '@prisma/client': [ '6.4.0' ],
323 silly audit   prisma: [ '6.4.0' ],
323 silly audit   '@prisma/engines': [ '6.4.0' ],
323 silly audit   esbuild: [ '0.28.1' ],
323 silly audit   'esbuild-register': [ '3.6.0' ],
323 silly audit   '@prisma/debug': [ '6.4.0' ],
323 silly audit   '@prisma/engines-version': [ '6.4.0-29.a9055b89e58b4b5bfb59600785423b1db3d0e75d' ],
323 silly audit   '@prisma/fetch-engine': [ '6.4.0' ],
323 silly audit   '@prisma/get-platform': [ '6.4.0' ],
323 silly audit   '@esbuild/aix-ppc64': [ '0.28.1' ],
323 silly audit   '@esbuild/android-arm': [ '0.28.1' ],
323 silly audit   '@esbuild/android-arm64': [ '0.28.1' ],
323 silly audit   '@esbuild/android-x64': [ '0.28.1' ],
323 silly audit   '@esbuild/darwin-arm64': [ '0.28.1' ],
323 silly audit   '@esbuild/darwin-x64': [ '0.28.1' ],
323 silly audit   '@esbuild/freebsd-arm64': [ '0.28.1' ],
323 silly audit   '@esbuild/freebsd-x64': [ '0.28.1' ],
323 silly audit   '@esbuild/linux-arm': [ '0.28.1' ],
323 silly audit   '@esbuild/linux-arm64': [ '0.28.1' ],
323 silly audit   '@esbuild/linux-ia32': [ '0.28.1' ],
323 silly audit   '@esbuild/linux-loong64': [ '0.28.1' ],
323 silly audit   '@esbuild/linux-mips64el': [ '0.28.1' ],
323 silly audit   '@esbuild/linux-ppc64': [ '0.28.1' ],
323 silly audit   '@esbuild/linux-riscv64': [ '0.28.1' ],
323 silly audit   '@esbuild/linux-s390x': [ '0.28.1' ],
323 silly audit   '@esbuild/linux-x64': [ '0.28.1' ],
323 silly audit   '@esbuild/netbsd-arm64': [ '0.28.1' ],
323 silly audit   '@esbuild/netbsd-x64': [ '0.28.1' ],
323 silly audit   '@esbuild/openbsd-arm64': [ '0.28.1' ],
323 silly audit   '@esbuild/openbsd-x64': [ '0.28.1' ],
323 silly audit   '@esbuild/openharmony-arm64': [ '0.28.1' ],
323 silly audit   '@esbuild/sunos-x64': [ '0.28.1' ],
323 silly audit   '@esbuild/win32-arm64': [ '0.28.1' ],
323 silly audit   '@esbuild/win32-ia32': [ '0.28.1' ],
323 silly audit   '@esbuild/win32-x64': [ '0.28.1' ]
323 silly audit }
324 http cache @prisma/get-platform@https://registry.npmjs.org/@prisma/get-platform/-/get-platform-6.4.0.tgz 0ms (cache hit)
325 http cache @prisma/fetch-engine@https://registry.npmjs.org/@prisma/fetch-engine/-/fetch-engine-6.4.0.tgz 0ms (cache hit)
326 http cache @esbuild/darwin-arm64@https://registry.npmjs.org/@esbuild/darwin-arm64/-/darwin-arm64-0.28.1.tgz 0ms (cache hit)
327 http cache esbuild-register@https://registry.npmjs.org/esbuild-register/-/esbuild-register-3.6.0.tgz 0ms (cache hit)
328 http cache esbuild@https://registry.npmjs.org/esbuild/-/esbuild-0.28.1.tgz 0ms (cache hit)
329 http cache @prisma/engines@https://registry.npmjs.org/@prisma/engines/-/engines-6.4.0.tgz 0ms (cache hit)
330 silly tarball no local data for @prisma/get-platform@https://registry.npmjs.org/@prisma/get-platform/-/get-platform-6.4.0.tgz. Extracting by manifest.
331 http cache @prisma/debug@https://registry.npmjs.org/@prisma/debug/-/debug-6.4.0.tgz 0ms (cache hit)
332 http cache @prisma/client@https://registry.npmjs.org/@prisma/client/-/client-6.4.0.tgz 0ms (cache hit)
333 http cache prisma@https://registry.npmjs.org/prisma/-/prisma-6.4.0.tgz 0ms (cache hit)
334 http cache @prisma/engines-version@https://registry.npmjs.org/@prisma/engines-version/-/engines-version-6.4.0-29.a9055b89e58b4b5bfb59600785423b1db3d0e75d.tgz 0ms (cache hit)
335 silly tarball no local data for esbuild-register@https://registry.npmjs.org/esbuild-register/-/esbuild-register-3.6.0.tgz. Extracting by manifest.
336 silly tarball no local data for @prisma/fetch-engine@https://registry.npmjs.org/@prisma/fetch-engine/-/fetch-engine-6.4.0.tgz. Extracting by manifest.
337 silly tarball no local data for @esbuild/darwin-arm64@https://registry.npmjs.org/@esbuild/darwin-arm64/-/darwin-arm64-0.28.1.tgz. Extracting by manifest.
338 silly tarball no local data for esbuild@https://registry.npmjs.org/esbuild/-/esbuild-0.28.1.tgz. Extracting by manifest.
339 silly tarball no local data for @prisma/engines@https://registry.npmjs.org/@prisma/engines/-/engines-6.4.0.tgz. Extracting by manifest.
340 silly tarball no local data for @prisma/debug@https://registry.npmjs.org/@prisma/debug/-/debug-6.4.0.tgz. Extracting by manifest.
341 silly tarball no local data for @prisma/client@https://registry.npmjs.org/@prisma/client/-/client-6.4.0.tgz. Extracting by manifest.
342 silly tarball no local data for prisma@https://registry.npmjs.org/prisma/-/prisma-6.4.0.tgz. Extracting by manifest.
343 silly tarball no local data for @prisma/engines-version@https://registry.npmjs.org/@prisma/engines-version/-/engines-version-6.4.0-29.a9055b89e58b4b5bfb59600785423b1db3d0e75d.tgz. Extracting by manifest.
344 http fetch GET 200 https://registry.npmjs.org/esbuild-register/-/esbuild-register-3.6.0.tgz 37ms (cache miss)
345 http fetch GET 200 https://registry.npmjs.org/esbuild/-/esbuild-0.28.1.tgz 36ms (cache miss)
346 http fetch POST 200 https://registry.npmjs.org/-/npm/v1/security/advisories/bulk 375ms
347 silly audit report {}
348 http fetch GET 200 https://registry.npmjs.org/@prisma/engines-version/-/engines-version-6.4.0-29.a9055b89e58b4b5bfb59600785423b1db3d0e75d.tgz 377ms (cache miss)
349 http fetch GET 200 https://registry.npmjs.org/@prisma/debug/-/debug-6.4.0.tgz 416ms (cache miss)
350 http fetch GET 200 https://registry.npmjs.org/@prisma/engines/-/engines-6.4.0.tgz 453ms (cache miss)
351 http fetch GET 200 https://registry.npmjs.org/prisma/-/prisma-6.4.0.tgz 1204ms (cache miss)
352 http fetch GET 200 https://registry.npmjs.org/@prisma/get-platform/-/get-platform-6.4.0.tgz 1606ms (cache miss)
353 http fetch GET 200 https://registry.npmjs.org/@esbuild/darwin-arm64/-/darwin-arm64-0.28.1.tgz 1900ms (cache miss)
354 http fetch GET 200 https://registry.npmjs.org/@prisma/fetch-engine/-/fetch-engine-6.4.0.tgz 2016ms (cache miss)
355 http fetch GET 200 https://registry.npmjs.org/@prisma/client/-/client-6.4.0.tgz 2405ms (cache miss)
356 info run prisma@6.4.0 preinstall node_modules/prisma node scripts/preinstall-entry.js
357 info run prisma@6.4.0 preinstall { code: 0, signal: null }
358 info run @prisma/client@6.4.0 postinstall node_modules/@prisma/client node scripts/postinstall.js
359 info run @prisma/engines@6.4.0 postinstall node_modules/@prisma/engines node scripts/postinstall.js
360 info run esbuild@0.28.1 postinstall node_modules/esbuild node install.js
361 info run esbuild@0.28.1 postinstall { code: 0, signal: null }
362 info run @prisma/engines@6.4.0 postinstall { code: 0, signal: null }
363 info run @prisma/client@6.4.0 postinstall { code: 0, signal: null }
364 silly ADD node_modules/@esbuild/darwin-arm64
365 silly ADD node_modules/esbuild-register
366 silly ADD node_modules/esbuild
367 silly REMOVE node_modules/@visx/vendor
368 silly REMOVE node_modules/@visx/vendor/node_modules/d3-array
369 silly REMOVE node_modules/@visx/scale
370 silly REMOVE node_modules/@visx/responsive
371 silly REMOVE node_modules/@visx/point
372 silly REMOVE node_modules/@visx/shape
373 silly REMOVE node_modules/@visx/group
374 silly REMOVE node_modules/@visx/grid
375 silly REMOVE node_modules/@visx/event
376 silly REMOVE node_modules/@visx/curve
377 silly REMOVE node_modules/@types/react
378 silly REMOVE node_modules/@types/lodash
379 silly REMOVE node_modules/@types/geojson
380 silly REMOVE node_modules/@types/d3-time-format
381 silly REMOVE node_modules/@types/d3-time
382 silly REMOVE node_modules/@types/d3-shape
383 silly REMOVE node_modules/@types/d3-scale
384 silly REMOVE node_modules/@types/d3-path
385 silly REMOVE node_modules/@types/d3-interpolate
386 silly REMOVE node_modules/@types/d3-geo
387 silly REMOVE node_modules/@types/d3-format
388 silly REMOVE node_modules/@types/d3-delaunay
389 silly REMOVE node_modules/@types/d3-color
390 silly REMOVE node_modules/@types/d3-array
391 silly REMOVE node_modules/@standard-schema/spec
392 silly REMOVE node_modules/@radix-ui/react-use-layout-effect
393 silly REMOVE node_modules/@prisma/streams-local
394 silly REMOVE node_modules/@prisma/query-plan-executor
395 silly REMOVE node_modules/@radix-ui/react-use-effect-event
396 silly REMOVE node_modules/@radix-ui/react-use-controllable-state
397 silly REMOVE node_modules/@radix-ui/react-toggle
398 silly REMOVE node_modules/@radix-ui/react-slot
399 silly REMOVE node_modules/@radix-ui/react-compose-refs
400 silly REMOVE node_modules/@radix-ui/primitive
401 silly REMOVE node_modules/@radix-ui/react-primitive
402 silly REMOVE node_modules/@prisma/studio-core
403 silly CHANGE node_modules/@prisma/get-platform
404 silly REMOVE node_modules/@prisma/get-platform/node_modules/@prisma/debug
405 silly REMOVE node_modules/@electric-sql/pglite
406 silly CHANGE node_modules/@prisma/fetch-engine
407 silly REMOVE node_modules/@prisma/fetch-engine/node_modules/@prisma/get-platform
408 silly CHANGE node_modules/@prisma/engines-version
409 silly CHANGE node_modules/@prisma/engines
410 silly REMOVE node_modules/@prisma/engines/node_modules/@prisma/get-platform
411 silly REMOVE node_modules/@prisma/dev
412 silly CHANGE node_modules/@prisma/debug
413 silly REMOVE node_modules/@prisma/client-runtime-utils
414 silly REMOVE node_modules/@prisma/config
415 silly CHANGE node_modules/@prisma/client
416 silly REMOVE node_modules/@electric-sql/pglite-tools
417 silly REMOVE node_modules/@electric-sql/pglite-socket
418 silly REMOVE node_modules/zeptomatch
419 silly REMOVE node_modules/which
420 silly REMOVE node_modules/valibot
421 silly REMOVE node_modules/sqlstring
422 silly REMOVE node_modules/std-env
423 silly REMOVE node_modules/signal-exit
424 silly REMOVE node_modules/shebang-regex
425 silly REMOVE node_modules/shebang-command
426 silly REMOVE node_modules/scheduler
427 silly REMOVE node_modules/seq-queue
428 silly REMOVE node_modules/safe-regex2
429 silly REMOVE node_modules/robust-predicates
430 silly REMOVE node_modules/ret
431 silly REMOVE node_modules/postgres
432 silly REMOVE node_modules/retry
433 silly REMOVE node_modules/require-from-string
434 silly REMOVE node_modules/remeda
435 silly REMOVE node_modules/react-dom
436 silly REMOVE node_modules/readdirp
437 silly REMOVE node_modules/react
438 silly REMOVE node_modules/rc9
439 silly REMOVE node_modules/pure-rand
440 silly REMOVE node_modules/proper-lockfile
441 silly REMOVE node_modules/proper-lockfile/node_modules/signal-exit
442 silly CHANGE node_modules/prisma
443 silly REMOVE node_modules/pkg-types
444 silly REMOVE node_modules/perfect-debounce
445 silly REMOVE node_modules/pathe
446 silly REMOVE node_modules/path-key
447 silly REMOVE node_modules/ohash
448 silly REMOVE node_modules/mysql2
449 silly REMOVE node_modules/named-placeholders
450 silly REMOVE node_modules/lru.min
451 silly REMOVE node_modules/long
452 silly REMOVE node_modules/json-schema-traverse
453 silly REMOVE node_modules/isexe
454 silly REMOVE node_modules/is-property
455 silly REMOVE node_modules/jiti
456 silly REMOVE node_modules/internmap
457 silly REMOVE node_modules/graphmatch
458 silly REMOVE node_modules/grammex
459 silly REMOVE node_modules/giget
460 silly REMOVE node_modules/graceful-fs
461 silly REMOVE node_modules/exsolve
462 silly REMOVE node_modules/get-port-please
463 silly REMOVE node_modules/generate-function
464 silly REMOVE node_modules/foreground-child
465 silly REMOVE node_modules/find-my-way
466 silly REMOVE node_modules/fast-uri
467 silly REMOVE node_modules/fast-deep-equal
468 silly REMOVE node_modules/fast-querystring
469 silly REMOVE node_modules/fast-decode-uri-component
470 silly REMOVE node_modules/fast-check
471 silly REMOVE node_modules/elkjs
472 silly REMOVE node_modules/empathic
473 silly REMOVE node_modules/env-paths
474 silly REMOVE node_modules/effect
475 silly REMOVE node_modules/denque
476 silly REMOVE node_modules/delaunator
477 silly REMOVE node_modules/defu
478 silly REMOVE node_modules/d3-time-format
479 silly REMOVE node_modules/destr
480 silly REMOVE node_modules/d3-time
481 silly REMOVE node_modules/d3-shape
482 silly REMOVE node_modules/d3-scale
483 silly REMOVE node_modules/deepmerge-ts
484 silly REMOVE node_modules/d3-path
485 silly REMOVE node_modules/d3-interpolate
486 silly REMOVE node_modules/d3-geo
487 silly REMOVE node_modules/d3-format
488 silly REMOVE node_modules/d3-delaunay
489 silly REMOVE node_modules/d3-color
490 silly REMOVE node_modules/d3-array
491 silly REMOVE node_modules/csstype
492 silly REMOVE node_modules/cross-spawn
493 silly REMOVE node_modules/classnames
494 silly REMOVE node_modules/chokidar
495 silly REMOVE node_modules/confbox
496 silly REMOVE node_modules/c12
497 silly REMOVE node_modules/better-result
498 silly REMOVE node_modules/aws-ssl-profiles
499 silly REMOVE node_modules/ajv
500 warn allow-scripts 5 packages have install scripts not yet covered by allowScripts:
500 warn allow-scripts   fsevents@2.3.3 (install: (install scripts present))
500 warn allow-scripts   @prisma/client@6.4.0 (postinstall: node scripts/postinstall.js)
500 warn allow-scripts   prisma@6.4.0 (preinstall: node scripts/preinstall-entry.js)
500 warn allow-scripts   @prisma/engines@6.4.0 (postinstall: node scripts/postinstall.js)
500 warn allow-scripts   esbuild@0.28.1 (postinstall: node install.js)
500 warn allow-scripts
500 warn allow-scripts Run `npm approve-scripts --allow-scripts-pending` to review, or `npm approve-scripts <pkg>` to allow.
501 verbose cwd /Users/mushfiq/Desktop/football-auction2/football-auction-backend
502 verbose os Darwin 24.1.0
503 verbose node v24.18.0
504 verbose npm  v11.16.0
505 verbose exit 0
506 info ok
